// Jest Snapshot v1, https://goo.gl/fbAQLP

exports[`Widgets/StackOverview _1Category smoke-test 1`] = `
<main class="-storybook-preview-module__root--fQckk inter-normal">
  <h2 class="src-widgets-StackOverview-StackOverview-module__name--c2HKe">
    Front-end
  </h2>
  <ul class="src-widgets-StackOverview-StackOverview-module__stackCategory--zHtd8">
    <li>
      <h3 class="src-widgets-StackCategory-StackCategory-module__name--XQSqW">
        Librairie 1
      </h3>
      <ul class="src-widgets-StackCategory-StackCategory-module__tags--XFK0O">
        <li>
          <div class="src-components-Tag-Tag-module__rootStyle--Cd2YJ"
               data-testid="tag-component"
               tabindex="-1"
          >
            <img alt="Icône de React"
                 loading="lazy"
                 width="12"
                 height="12"
                 decoding="async"
                 data-nimg="1"
                 class="src-components-Tag-Tag-module__icon--kRFOB"
                 srcset="/static/media/arrow.55ce8cbb.svg?w=16&amp;q=75 1x, /static/media/arrow.55ce8cbb.svg?w=32&amp;q=75 2x"
                 src="/static/media/arrow.55ce8cbb.svg?w=32&amp;q=75"
                 style="color: transparent;"
            >
            React
          </div>
        </li>
        <li>
          <div class="src-components-Tag-Tag-module__rootStyle--Cd2YJ"
               data-testid="tag-component"
               tabindex="-1"
          >
            <img alt="Icône de TypeScript"
                 loading="lazy"
                 width="12"
                 height="12"
                 decoding="async"
                 data-nimg="1"
                 class="src-components-Tag-Tag-module__icon--kRFOB"
                 srcset="/static/media/arrow.55ce8cbb.svg?w=16&amp;q=75 1x, /static/media/arrow.55ce8cbb.svg?w=32&amp;q=75 2x"
                 src="/static/media/arrow.55ce8cbb.svg?w=32&amp;q=75"
                 style="color: transparent;"
            >
            TypeScript
          </div>
        </li>
        <li>
          <div class="src-components-Tag-Tag-module__rootStyle--Cd2YJ"
               data-testid="tag-component"
               tabindex="-1"
          >
            <img alt="Icône de Redux"
                 loading="lazy"
                 width="12"
                 height="12"
                 decoding="async"
                 data-nimg="1"
                 class="src-components-Tag-Tag-module__icon--kRFOB"
                 srcset="/static/media/arrow.55ce8cbb.svg?w=16&amp;q=75 1x, /static/media/arrow.55ce8cbb.svg?w=32&amp;q=75 2x"
                 src="/static/media/arrow.55ce8cbb.svg?w=32&amp;q=75"
                 style="color: transparent;"
            >
            Redux
          </div>
        </li>
        <li>
          <div class="src-components-Tag-Tag-module__rootStyle--Cd2YJ"
               data-testid="tag-component"
               tabindex="-1"
          >
            <img alt="Icône de Jest"
                 loading="lazy"
                 width="12"
                 height="12"
                 decoding="async"
                 data-nimg="1"
                 class="src-components-Tag-Tag-module__icon--kRFOB"
                 srcset="/static/media/arrow.55ce8cbb.svg?w=16&amp;q=75 1x, /static/media/arrow.55ce8cbb.svg?w=32&amp;q=75 2x"
                 src="/static/media/arrow.55ce8cbb.svg?w=32&amp;q=75"
                 style="color: transparent;"
            >
            Jest
          </div>
        </li>
        <li>
          <div class="src-components-Tag-Tag-module__rootStyle--Cd2YJ"
               data-testid="tag-component"
               tabindex="-1"
          >
            <img alt="Icône de Testing Library"
                 loading="lazy"
                 width="12"
                 height="12"
                 decoding="async"
                 data-nimg="1"
                 class="src-components-Tag-Tag-module__icon--kRFOB"
                 srcset="/static/media/arrow.55ce8cbb.svg?w=16&amp;q=75 1x, /static/media/arrow.55ce8cbb.svg?w=32&amp;q=75 2x"
                 src="/static/media/arrow.55ce8cbb.svg?w=32&amp;q=75"
                 style="color: transparent;"
            >
            Testing Library
          </div>
        </li>
      </ul>
    </li>
  </ul>
</main>
`;

exports[`Widgets/StackOverview _2Categories smoke-test 1`] = `
<main class="-storybook-preview-module__root--fQckk inter-normal">
  <h2 class="src-widgets-StackOverview-StackOverview-module__name--c2HKe">
    Front-end
  </h2>
  <ul class="src-widgets-StackOverview-StackOverview-module__stackCategory--zHtd8">
    <li>
      <h3 class="src-widgets-StackCategory-StackCategory-module__name--XQSqW">
        Librairie 1
      </h3>
      <ul class="src-widgets-StackCategory-StackCategory-module__tags--XFK0O">
        <li>
          <div class="src-components-Tag-Tag-module__rootStyle--Cd2YJ"
               data-testid="tag-component"
               tabindex="-1"
          >
            <img alt="Icône de React"
                 loading="lazy"
                 width="12"
                 height="12"
                 decoding="async"
                 data-nimg="1"
                 class="src-components-Tag-Tag-module__icon--kRFOB"
                 srcset="/static/media/arrow.55ce8cbb.svg?w=16&amp;q=75 1x, /static/media/arrow.55ce8cbb.svg?w=32&amp;q=75 2x"
                 src="/static/media/arrow.55ce8cbb.svg?w=32&amp;q=75"
                 style="color: transparent;"
            >
            React
          </div>
        </li>
        <li>
          <div class="src-components-Tag-Tag-module__rootStyle--Cd2YJ"
               data-testid="tag-component"
               tabindex="-1"
          >
            <img alt="Icône de TypeScript"
                 loading="lazy"
                 width="12"
                 height="12"
                 decoding="async"
                 data-nimg="1"
                 class="src-components-Tag-Tag-module__icon--kRFOB"
                 srcset="/static/media/arrow.55ce8cbb.svg?w=16&amp;q=75 1x, /static/media/arrow.55ce8cbb.svg?w=32&amp;q=75 2x"
                 src="/static/media/arrow.55ce8cbb.svg?w=32&amp;q=75"
                 style="color: transparent;"
            >
            TypeScript
          </div>
        </li>
      </ul>
    </li>
    <li>
      <h3 class="src-widgets-StackCategory-StackCategory-module__name--XQSqW">
        Librairie 2
      </h3>
      <ul class="src-widgets-StackCategory-StackCategory-module__tags--XFK0O">
        <li>
          <div class="src-components-Tag-Tag-module__rootStyle--Cd2YJ"
               data-testid="tag-component"
               tabindex="-1"
          >
            <img alt="Icône de Redux"
                 loading="lazy"
                 width="12"
                 height="12"
                 decoding="async"
                 data-nimg="1"
                 class="src-components-Tag-Tag-module__icon--kRFOB"
                 srcset="/static/media/arrow.55ce8cbb.svg?w=16&amp;q=75 1x, /static/media/arrow.55ce8cbb.svg?w=32&amp;q=75 2x"
                 src="/static/media/arrow.55ce8cbb.svg?w=32&amp;q=75"
                 style="color: transparent;"
            >
            Redux
          </div>
        </li>
        <li>
          <div class="src-components-Tag-Tag-module__rootStyle--Cd2YJ"
               data-testid="tag-component"
               tabindex="-1"
          >
            <img alt="Icône de Jest"
                 loading="lazy"
                 width="12"
                 height="12"
                 decoding="async"
                 data-nimg="1"
                 class="src-components-Tag-Tag-module__icon--kRFOB"
                 srcset="/static/media/arrow.55ce8cbb.svg?w=16&amp;q=75 1x, /static/media/arrow.55ce8cbb.svg?w=32&amp;q=75 2x"
                 src="/static/media/arrow.55ce8cbb.svg?w=32&amp;q=75"
                 style="color: transparent;"
            >
            Jest
          </div>
        </li>
        <li>
          <div class="src-components-Tag-Tag-module__rootStyle--Cd2YJ"
               data-testid="tag-component"
               tabindex="-1"
          >
            <img alt="Icône de Testing Library"
                 loading="lazy"
                 width="12"
                 height="12"
                 decoding="async"
                 data-nimg="1"
                 class="src-components-Tag-Tag-module__icon--kRFOB"
                 srcset="/static/media/arrow.55ce8cbb.svg?w=16&amp;q=75 1x, /static/media/arrow.55ce8cbb.svg?w=32&amp;q=75 2x"
                 src="/static/media/arrow.55ce8cbb.svg?w=32&amp;q=75"
                 style="color: transparent;"
            >
            Testing Library
          </div>
        </li>
      </ul>
    </li>
  </ul>
</main>
`;

exports[`Widgets/StackOverview _3Categories smoke-test 1`] = `
<main class="-storybook-preview-module__root--fQckk inter-normal">
  <h2 class="src-widgets-StackOverview-StackOverview-module__name--c2HKe">
    Front-end
  </h2>
  <ul class="src-widgets-StackOverview-StackOverview-module__stackCategory--zHtd8">
    <li>
      <h3 class="src-widgets-StackCategory-StackCategory-module__name--XQSqW">
        Librairie 1
      </h3>
      <ul class="src-widgets-StackCategory-StackCategory-module__tags--XFK0O">
        <li>
          <div class="src-components-Tag-Tag-module__rootStyle--Cd2YJ"
               data-testid="tag-component"
               tabindex="-1"
          >
            <img alt="Icône de React"
                 loading="lazy"
                 width="12"
                 height="12"
                 decoding="async"
                 data-nimg="1"
                 class="src-components-Tag-Tag-module__icon--kRFOB"
                 srcset="/static/media/arrow.55ce8cbb.svg?w=16&amp;q=75 1x, /static/media/arrow.55ce8cbb.svg?w=32&amp;q=75 2x"
                 src="/static/media/arrow.55ce8cbb.svg?w=32&amp;q=75"
                 style="color: transparent;"
            >
            React
          </div>
        </li>
        <li>
          <div class="src-components-Tag-Tag-module__rootStyle--Cd2YJ"
               data-testid="tag-component"
               tabindex="-1"
          >
            <img alt="Icône de TypeScript"
                 loading="lazy"
                 width="12"
                 height="12"
                 decoding="async"
                 data-nimg="1"
                 class="src-components-Tag-Tag-module__icon--kRFOB"
                 srcset="/static/media/arrow.55ce8cbb.svg?w=16&amp;q=75 1x, /static/media/arrow.55ce8cbb.svg?w=32&amp;q=75 2x"
                 src="/static/media/arrow.55ce8cbb.svg?w=32&amp;q=75"
                 style="color: transparent;"
            >
            TypeScript
          </div>
        </li>
      </ul>
    </li>
    <li>
      <h3 class="src-widgets-StackCategory-StackCategory-module__name--XQSqW">
        Librairie 2
      </h3>
      <ul class="src-widgets-StackCategory-StackCategory-module__tags--XFK0O">
        <li>
          <div class="src-components-Tag-Tag-module__rootStyle--Cd2YJ"
               data-testid="tag-component"
               tabindex="-1"
          >
            <img alt="Icône de Redux"
                 loading="lazy"
                 width="12"
                 height="12"
                 decoding="async"
                 data-nimg="1"
                 class="src-components-Tag-Tag-module__icon--kRFOB"
                 srcset="/static/media/arrow.55ce8cbb.svg?w=16&amp;q=75 1x, /static/media/arrow.55ce8cbb.svg?w=32&amp;q=75 2x"
                 src="/static/media/arrow.55ce8cbb.svg?w=32&amp;q=75"
                 style="color: transparent;"
            >
            Redux
          </div>
        </li>
        <li>
          <div class="src-components-Tag-Tag-module__rootStyle--Cd2YJ"
               data-testid="tag-component"
               tabindex="-1"
          >
            <img alt="Icône de Jest"
                 loading="lazy"
                 width="12"
                 height="12"
                 decoding="async"
                 data-nimg="1"
                 class="src-components-Tag-Tag-module__icon--kRFOB"
                 srcset="/static/media/arrow.55ce8cbb.svg?w=16&amp;q=75 1x, /static/media/arrow.55ce8cbb.svg?w=32&amp;q=75 2x"
                 src="/static/media/arrow.55ce8cbb.svg?w=32&amp;q=75"
                 style="color: transparent;"
            >
            Jest
          </div>
        </li>
        <li>
          <div class="src-components-Tag-Tag-module__rootStyle--Cd2YJ"
               data-testid="tag-component"
               tabindex="-1"
          >
            <img alt="Icône de Testing Library"
                 loading="lazy"
                 width="12"
                 height="12"
                 decoding="async"
                 data-nimg="1"
                 class="src-components-Tag-Tag-module__icon--kRFOB"
                 srcset="/static/media/arrow.55ce8cbb.svg?w=16&amp;q=75 1x, /static/media/arrow.55ce8cbb.svg?w=32&amp;q=75 2x"
                 src="/static/media/arrow.55ce8cbb.svg?w=32&amp;q=75"
                 style="color: transparent;"
            >
            Testing Library
          </div>
        </li>
      </ul>
    </li>
    <li>
      <h3 class="src-widgets-StackCategory-StackCategory-module__name--XQSqW">
        Librairie 3
      </h3>
      <ul class="src-widgets-StackCategory-StackCategory-module__tags--XFK0O">
        <li>
          <div class="src-components-Tag-Tag-module__rootStyle--Cd2YJ"
               data-testid="tag-component"
               tabindex="-1"
          >
            <img alt="Icône de React Native"
                 loading="lazy"
                 width="12"
                 height="12"
                 decoding="async"
                 data-nimg="1"
                 class="src-components-Tag-Tag-module__icon--kRFOB"
                 srcset="/static/media/arrow.55ce8cbb.svg?w=16&amp;q=75 1x, /static/media/arrow.55ce8cbb.svg?w=32&amp;q=75 2x"
                 src="/static/media/arrow.55ce8cbb.svg?w=32&amp;q=75"
                 style="color: transparent;"
            >
            React Native
          </div>
        </li>
        <li>
          <div class="src-components-Tag-Tag-module__rootStyle--Cd2YJ"
               data-testid="tag-component"
               tabindex="-1"
          >
            <img alt="Icône de Expo"
                 loading="lazy"
                 width="12"
                 height="12"
                 decoding="async"
                 data-nimg="1"
                 class="src-components-Tag-Tag-module__icon--kRFOB"
                 srcset="/static/media/arrow.55ce8cbb.svg?w=16&amp;q=75 1x, /static/media/arrow.55ce8cbb.svg?w=32&amp;q=75 2x"
                 src="/static/media/arrow.55ce8cbb.svg?w=32&amp;q=75"
                 style="color: transparent;"
            >
            Expo
          </div>
        </li>
      </ul>
    </li>
  </ul>
</main>
`;

exports[`Widgets/StackOverview _4Categories smoke-test 1`] = `
<main class="-storybook-preview-module__root--fQckk inter-normal">
  <h2 class="src-widgets-StackOverview-StackOverview-module__name--c2HKe">
    Front-end
  </h2>
  <ul class="src-widgets-StackOverview-StackOverview-module__stackCategory--zHtd8">
    <li>
      <h3 class="src-widgets-StackCategory-StackCategory-module__name--XQSqW">
        Librairie 1
      </h3>
      <ul class="src-widgets-StackCategory-StackCategory-module__tags--XFK0O">
        <li>
          <div class="src-components-Tag-Tag-module__rootStyle--Cd2YJ"
               data-testid="tag-component"
               tabindex="-1"
          >
            <img alt="Icône de React"
                 loading="lazy"
                 width="12"
                 height="12"
                 decoding="async"
                 data-nimg="1"
                 class="src-components-Tag-Tag-module__icon--kRFOB"
                 srcset="/static/media/arrow.55ce8cbb.svg?w=16&amp;q=75 1x, /static/media/arrow.55ce8cbb.svg?w=32&amp;q=75 2x"
                 src="/static/media/arrow.55ce8cbb.svg?w=32&amp;q=75"
                 style="color: transparent;"
            >
            React
          </div>
        </li>
        <li>
          <div class="src-components-Tag-Tag-module__rootStyle--Cd2YJ"
               data-testid="tag-component"
               tabindex="-1"
          >
            <img alt="Icône de TypeScript"
                 loading="lazy"
                 width="12"
                 height="12"
                 decoding="async"
                 data-nimg="1"
                 class="src-components-Tag-Tag-module__icon--kRFOB"
                 srcset="/static/media/arrow.55ce8cbb.svg?w=16&amp;q=75 1x, /static/media/arrow.55ce8cbb.svg?w=32&amp;q=75 2x"
                 src="/static/media/arrow.55ce8cbb.svg?w=32&amp;q=75"
                 style="color: transparent;"
            >
            TypeScript
          </div>
        </li>
      </ul>
    </li>
    <li>
      <h3 class="src-widgets-StackCategory-StackCategory-module__name--XQSqW">
        Librairie 2
      </h3>
      <ul class="src-widgets-StackCategory-StackCategory-module__tags--XFK0O">
        <li>
          <div class="src-components-Tag-Tag-module__rootStyle--Cd2YJ"
               data-testid="tag-component"
               tabindex="-1"
          >
            <img alt="Icône de Redux"
                 loading="lazy"
                 width="12"
                 height="12"
                 decoding="async"
                 data-nimg="1"
                 class="src-components-Tag-Tag-module__icon--kRFOB"
                 srcset="/static/media/arrow.55ce8cbb.svg?w=16&amp;q=75 1x, /static/media/arrow.55ce8cbb.svg?w=32&amp;q=75 2x"
                 src="/static/media/arrow.55ce8cbb.svg?w=32&amp;q=75"
                 style="color: transparent;"
            >
            Redux
          </div>
        </li>
        <li>
          <div class="src-components-Tag-Tag-module__rootStyle--Cd2YJ"
               data-testid="tag-component"
               tabindex="-1"
          >
            <img alt="Icône de Jest"
                 loading="lazy"
                 width="12"
                 height="12"
                 decoding="async"
                 data-nimg="1"
                 class="src-components-Tag-Tag-module__icon--kRFOB"
                 srcset="/static/media/arrow.55ce8cbb.svg?w=16&amp;q=75 1x, /static/media/arrow.55ce8cbb.svg?w=32&amp;q=75 2x"
                 src="/static/media/arrow.55ce8cbb.svg?w=32&amp;q=75"
                 style="color: transparent;"
            >
            Jest
          </div>
        </li>
        <li>
          <div class="src-components-Tag-Tag-module__rootStyle--Cd2YJ"
               data-testid="tag-component"
               tabindex="-1"
          >
            <img alt="Icône de Testing Library"
                 loading="lazy"
                 width="12"
                 height="12"
                 decoding="async"
                 data-nimg="1"
                 class="src-components-Tag-Tag-module__icon--kRFOB"
                 srcset="/static/media/arrow.55ce8cbb.svg?w=16&amp;q=75 1x, /static/media/arrow.55ce8cbb.svg?w=32&amp;q=75 2x"
                 src="/static/media/arrow.55ce8cbb.svg?w=32&amp;q=75"
                 style="color: transparent;"
            >
            Testing Library
          </div>
        </li>
      </ul>
    </li>
    <li>
      <h3 class="src-widgets-StackCategory-StackCategory-module__name--XQSqW">
        Librairie 3
      </h3>
      <ul class="src-widgets-StackCategory-StackCategory-module__tags--XFK0O">
        <li>
          <div class="src-components-Tag-Tag-module__rootStyle--Cd2YJ"
               data-testid="tag-component"
               tabindex="-1"
          >
            <img alt="Icône de React Native"
                 loading="lazy"
                 width="12"
                 height="12"
                 decoding="async"
                 data-nimg="1"
                 class="src-components-Tag-Tag-module__icon--kRFOB"
                 srcset="/static/media/arrow.55ce8cbb.svg?w=16&amp;q=75 1x, /static/media/arrow.55ce8cbb.svg?w=32&amp;q=75 2x"
                 src="/static/media/arrow.55ce8cbb.svg?w=32&amp;q=75"
                 style="color: transparent;"
            >
            React Native
          </div>
        </li>
        <li>
          <div class="src-components-Tag-Tag-module__rootStyle--Cd2YJ"
               data-testid="tag-component"
               tabindex="-1"
          >
            <img alt="Icône de Expo"
                 loading="lazy"
                 width="12"
                 height="12"
                 decoding="async"
                 data-nimg="1"
                 class="src-components-Tag-Tag-module__icon--kRFOB"
                 srcset="/static/media/arrow.55ce8cbb.svg?w=16&amp;q=75 1x, /static/media/arrow.55ce8cbb.svg?w=32&amp;q=75 2x"
                 src="/static/media/arrow.55ce8cbb.svg?w=32&amp;q=75"
                 style="color: transparent;"
            >
            Expo
          </div>
        </li>
      </ul>
    </li>
    <li>
      <h3 class="src-widgets-StackCategory-StackCategory-module__name--XQSqW">
        Librairie 4
      </h3>
      <ul class="src-widgets-StackCategory-StackCategory-module__tags--XFK0O">
        <li>
          <div class="src-components-Tag-Tag-module__rootStyle--Cd2YJ"
               data-testid="tag-component"
               tabindex="-1"
          >
            <img alt="Icône de Next.js"
                 loading="lazy"
                 width="12"
                 height="12"
                 decoding="async"
                 data-nimg="1"
                 class="src-components-Tag-Tag-module__icon--kRFOB"
                 srcset="/static/media/arrow.55ce8cbb.svg?w=16&amp;q=75 1x, /static/media/arrow.55ce8cbb.svg?w=32&amp;q=75 2x"
                 src="/static/media/arrow.55ce8cbb.svg?w=32&amp;q=75"
                 style="color: transparent;"
            >
            Next.js
          </div>
        </li>
        <li>
          <div class="src-components-Tag-Tag-module__rootStyle--Cd2YJ"
               data-testid="tag-component"
               tabindex="-1"
          >
            <img alt="Icône de Gatsby"
                 loading="lazy"
                 width="12"
                 height="12"
                 decoding="async"
                 data-nimg="1"
                 class="src-components-Tag-Tag-module__icon--kRFOB"
                 srcset="/static/media/arrow.55ce8cbb.svg?w=16&amp;q=75 1x, /static/media/arrow.55ce8cbb.svg?w=32&amp;q=75 2x"
                 src="/static/media/arrow.55ce8cbb.svg?w=32&amp;q=75"
                 style="color: transparent;"
            >
            Gatsby
          </div>
        </li>
      </ul>
    </li>
  </ul>
</main>
`;

exports[`Widgets/StackOverview CategoryLonger smoke-test 1`] = `
<main class="-storybook-preview-module__root--fQckk inter-normal">
  <h2 class="src-widgets-StackOverview-StackOverview-module__name--c2HKe">
    Front-end
  </h2>
  <ul class="src-widgets-StackOverview-StackOverview-module__stackCategory--zHtd8">
    <li>
      <h3 class="src-widgets-StackCategory-StackCategory-module__name--XQSqW">
        Quis est dolore magna fugiat laborum eiusmod in exercitation labore consectetur sit fugiat.
      </h3>
      <ul class="src-widgets-StackCategory-StackCategory-module__tags--XFK0O">
        <li>
          <div class="src-components-Tag-Tag-module__rootStyle--Cd2YJ"
               data-testid="tag-component"
               tabindex="-1"
          >
            <img alt="Icône de React"
                 loading="lazy"
                 width="12"
                 height="12"
                 decoding="async"
                 data-nimg="1"
                 class="src-components-Tag-Tag-module__icon--kRFOB"
                 srcset="/static/media/arrow.55ce8cbb.svg?w=16&amp;q=75 1x, /static/media/arrow.55ce8cbb.svg?w=32&amp;q=75 2x"
                 src="/static/media/arrow.55ce8cbb.svg?w=32&amp;q=75"
                 style="color: transparent;"
            >
            React
          </div>
        </li>
      </ul>
    </li>
    <li>
      <h3 class="src-widgets-StackCategory-StackCategory-module__name--XQSqW">
        Librairie 2
      </h3>
      <ul class="src-widgets-StackCategory-StackCategory-module__tags--XFK0O">
        <li>
          <div class="src-components-Tag-Tag-module__rootStyle--Cd2YJ"
               data-testid="tag-component"
               tabindex="-1"
          >
            <img alt="Icône de Redux"
                 loading="lazy"
                 width="12"
                 height="12"
                 decoding="async"
                 data-nimg="1"
                 class="src-components-Tag-Tag-module__icon--kRFOB"
                 srcset="/static/media/arrow.55ce8cbb.svg?w=16&amp;q=75 1x, /static/media/arrow.55ce8cbb.svg?w=32&amp;q=75 2x"
                 src="/static/media/arrow.55ce8cbb.svg?w=32&amp;q=75"
                 style="color: transparent;"
            >
            Redux
          </div>
        </li>
      </ul>
    </li>
  </ul>
</main>
`;

exports[`Widgets/StackOverview Playground smoke-test 1`] = `
<main class="-storybook-preview-module__root--fQckk inter-normal">
  <h2 class="src-widgets-StackOverview-StackOverview-module__name--c2HKe">
    Front-end
  </h2>
  <ul class="src-widgets-StackOverview-StackOverview-module__stackCategory--zHtd8">
    <li>
      <h3 class="src-widgets-StackCategory-StackCategory-module__name--XQSqW">
        Librairie 1
      </h3>
      <ul class="src-widgets-StackCategory-StackCategory-module__tags--XFK0O">
        <li>
          <div class="src-components-Tag-Tag-module__rootStyle--Cd2YJ"
               data-testid="tag-component"
               tabindex="-1"
          >
            <img alt="Icône de React"
                 loading="lazy"
                 width="12"
                 height="12"
                 decoding="async"
                 data-nimg="1"
                 class="src-components-Tag-Tag-module__icon--kRFOB"
                 srcset="/static/media/arrow.55ce8cbb.svg?w=16&amp;q=75 1x, /static/media/arrow.55ce8cbb.svg?w=32&amp;q=75 2x"
                 src="/static/media/arrow.55ce8cbb.svg?w=32&amp;q=75"
                 style="color: transparent;"
            >
            React
          </div>
        </li>
        <li>
          <div class="src-components-Tag-Tag-module__rootStyle--Cd2YJ"
               data-testid="tag-component"
               tabindex="-1"
          >
            <img alt="Icône de TypeScript"
                 loading="lazy"
                 width="12"
                 height="12"
                 decoding="async"
                 data-nimg="1"
                 class="src-components-Tag-Tag-module__icon--kRFOB"
                 srcset="/static/media/arrow.55ce8cbb.svg?w=16&amp;q=75 1x, /static/media/arrow.55ce8cbb.svg?w=32&amp;q=75 2x"
                 src="/static/media/arrow.55ce8cbb.svg?w=32&amp;q=75"
                 style="color: transparent;"
            >
            TypeScript
          </div>
        </li>
      </ul>
    </li>
    <li>
      <h3 class="src-widgets-StackCategory-StackCategory-module__name--XQSqW">
        Librairie 2
      </h3>
      <ul class="src-widgets-StackCategory-StackCategory-module__tags--XFK0O">
        <li>
          <div class="src-components-Tag-Tag-module__rootStyle--Cd2YJ"
               data-testid="tag-component"
               tabindex="-1"
          >
            <img alt="Icône de Redux"
                 loading="lazy"
                 width="12"
                 height="12"
                 decoding="async"
                 data-nimg="1"
                 class="src-components-Tag-Tag-module__icon--kRFOB"
                 srcset="/static/media/arrow.55ce8cbb.svg?w=16&amp;q=75 1x, /static/media/arrow.55ce8cbb.svg?w=32&amp;q=75 2x"
                 src="/static/media/arrow.55ce8cbb.svg?w=32&amp;q=75"
                 style="color: transparent;"
            >
            Redux
          </div>
        </li>
        <li>
          <div class="src-components-Tag-Tag-module__rootStyle--Cd2YJ"
               data-testid="tag-component"
               tabindex="-1"
          >
            <img alt="Icône de Jest"
                 loading="lazy"
                 width="12"
                 height="12"
                 decoding="async"
                 data-nimg="1"
                 class="src-components-Tag-Tag-module__icon--kRFOB"
                 srcset="/static/media/arrow.55ce8cbb.svg?w=16&amp;q=75 1x, /static/media/arrow.55ce8cbb.svg?w=32&amp;q=75 2x"
                 src="/static/media/arrow.55ce8cbb.svg?w=32&amp;q=75"
                 style="color: transparent;"
            >
            Jest
          </div>
        </li>
        <li>
          <div class="src-components-Tag-Tag-module__rootStyle--Cd2YJ"
               data-testid="tag-component"
               tabindex="-1"
          >
            <img alt="Icône de Testing Library"
                 loading="lazy"
                 width="12"
                 height="12"
                 decoding="async"
                 data-nimg="1"
                 class="src-components-Tag-Tag-module__icon--kRFOB"
                 srcset="/static/media/arrow.55ce8cbb.svg?w=16&amp;q=75 1x, /static/media/arrow.55ce8cbb.svg?w=32&amp;q=75 2x"
                 src="/static/media/arrow.55ce8cbb.svg?w=32&amp;q=75"
                 style="color: transparent;"
            >
            Testing Library
          </div>
        </li>
      </ul>
    </li>
  </ul>
</main>
`;

exports[`Widgets/StackOverview WithLongName smoke-test 1`] = `
<main class="-storybook-preview-module__root--fQckk inter-normal">
  <h2 class="src-widgets-StackOverview-StackOverview-module__name--c2HKe">
    Duis adipisicing ipsum in exercitation ut tempor voluptate eiusmod adipisicing.
  </h2>
  <ul class="src-widgets-StackOverview-StackOverview-module__stackCategory--zHtd8">
    <li>
      <h3 class="src-widgets-StackCategory-StackCategory-module__name--XQSqW">
        Librairie 1
      </h3>
      <ul class="src-widgets-StackCategory-StackCategory-module__tags--XFK0O">
        <li>
          <div class="src-components-Tag-Tag-module__rootStyle--Cd2YJ"
               data-testid="tag-component"
               tabindex="-1"
          >
            <img alt="Icône de React"
                 loading="lazy"
                 width="12"
                 height="12"
                 decoding="async"
                 data-nimg="1"
                 class="src-components-Tag-Tag-module__icon--kRFOB"
                 srcset="/static/media/arrow.55ce8cbb.svg?w=16&amp;q=75 1x, /static/media/arrow.55ce8cbb.svg?w=32&amp;q=75 2x"
                 src="/static/media/arrow.55ce8cbb.svg?w=32&amp;q=75"
                 style="color: transparent;"
            >
            React
          </div>
        </li>
        <li>
          <div class="src-components-Tag-Tag-module__rootStyle--Cd2YJ"
               data-testid="tag-component"
               tabindex="-1"
          >
            <img alt="Icône de TypeScript"
                 loading="lazy"
                 width="12"
                 height="12"
                 decoding="async"
                 data-nimg="1"
                 class="src-components-Tag-Tag-module__icon--kRFOB"
                 srcset="/static/media/arrow.55ce8cbb.svg?w=16&amp;q=75 1x, /static/media/arrow.55ce8cbb.svg?w=32&amp;q=75 2x"
                 src="/static/media/arrow.55ce8cbb.svg?w=32&amp;q=75"
                 style="color: transparent;"
            >
            TypeScript
          </div>
        </li>
      </ul>
    </li>
    <li>
      <h3 class="src-widgets-StackCategory-StackCategory-module__name--XQSqW">
        Librairie 2
      </h3>
      <ul class="src-widgets-StackCategory-StackCategory-module__tags--XFK0O">
        <li>
          <div class="src-components-Tag-Tag-module__rootStyle--Cd2YJ"
               data-testid="tag-component"
               tabindex="-1"
          >
            <img alt="Icône de Redux"
                 loading="lazy"
                 width="12"
                 height="12"
                 decoding="async"
                 data-nimg="1"
                 class="src-components-Tag-Tag-module__icon--kRFOB"
                 srcset="/static/media/arrow.55ce8cbb.svg?w=16&amp;q=75 1x, /static/media/arrow.55ce8cbb.svg?w=32&amp;q=75 2x"
                 src="/static/media/arrow.55ce8cbb.svg?w=32&amp;q=75"
                 style="color: transparent;"
            >
            Redux
          </div>
        </li>
        <li>
          <div class="src-components-Tag-Tag-module__rootStyle--Cd2YJ"
               data-testid="tag-component"
               tabindex="-1"
          >
            <img alt="Icône de Jest"
                 loading="lazy"
                 width="12"
                 height="12"
                 decoding="async"
                 data-nimg="1"
                 class="src-components-Tag-Tag-module__icon--kRFOB"
                 srcset="/static/media/arrow.55ce8cbb.svg?w=16&amp;q=75 1x, /static/media/arrow.55ce8cbb.svg?w=32&amp;q=75 2x"
                 src="/static/media/arrow.55ce8cbb.svg?w=32&amp;q=75"
                 style="color: transparent;"
            >
            Jest
          </div>
        </li>
        <li>
          <div class="src-components-Tag-Tag-module__rootStyle--Cd2YJ"
               data-testid="tag-component"
               tabindex="-1"
          >
            <img alt="Icône de Testing Library"
                 loading="lazy"
                 width="12"
                 height="12"
                 decoding="async"
                 data-nimg="1"
                 class="src-components-Tag-Tag-module__icon--kRFOB"
                 srcset="/static/media/arrow.55ce8cbb.svg?w=16&amp;q=75 1x, /static/media/arrow.55ce8cbb.svg?w=32&amp;q=75 2x"
                 src="/static/media/arrow.55ce8cbb.svg?w=32&amp;q=75"
                 style="color: transparent;"
            >
            Testing Library
          </div>
        </li>
      </ul>
    </li>
  </ul>
</main>
`;
