// Jest Snapshot v1, https://goo.gl/fbAQLP

exports[`Widgets/StackOverview _1Category smoke-test 1`] = `
<main class="inter-normal">
  <div>
    <h2 class="src-widgets-StackOverview-StackOverview-module__name--c2HKe">
      Front-end
    </h2>
    <ul class="src-widgets-StackOverview-StackOverview-module__stackCategory--zHtd8">
      <li>
        <div>
          <h3 class="src-widgets-StackCategory-StackCategory-module__name--XQSqW">
            Librairie 0
          </h3>
          <ul class="src-widgets-StackCategory-StackCategory-module__tags--XFK0O">
            <li>
              <div class="src-components-Tag-Tag-module__rootStyle--Cd2YJ"
                   data-testid="tag-component"
                   tabindex="-1"
              >
                <img alt="Icône de Tag 0"
                     loading="lazy"
                     width="12"
                     height="12"
                     decoding="async"
                     data-nimg="1"
                     class="src-components-Tag-Tag-module__icon--kRFOB"
                     srcset="/static/media/arrow.55ce8cbb.svg?w=16&amp;q=75 1x, /static/media/arrow.55ce8cbb.svg?w=32&amp;q=75 2x"
                     src="/static/media/arrow.55ce8cbb.svg?w=32&amp;q=75"
                     style="color: transparent;"
                >
                Tag 0
              </div>
            </li>
            <li>
              <div class="src-components-Tag-Tag-module__rootStyle--Cd2YJ"
                   data-testid="tag-component"
                   tabindex="-1"
              >
                <img alt="Icône de Tag 1"
                     loading="lazy"
                     width="12"
                     height="12"
                     decoding="async"
                     data-nimg="1"
                     class="src-components-Tag-Tag-module__icon--kRFOB"
                     srcset="/static/media/arrow.55ce8cbb.svg?w=16&amp;q=75 1x, /static/media/arrow.55ce8cbb.svg?w=32&amp;q=75 2x"
                     src="/static/media/arrow.55ce8cbb.svg?w=32&amp;q=75"
                     style="color: transparent;"
                >
                Tag 1
              </div>
            </li>
          </ul>
        </div>
      </li>
    </ul>
  </div>
</main>
`;

exports[`Widgets/StackOverview _2Categories smoke-test 1`] = `
<main class="inter-normal">
  <div>
    <h2 class="src-widgets-StackOverview-StackOverview-module__name--c2HKe">
      Front-end
    </h2>
    <ul class="src-widgets-StackOverview-StackOverview-module__stackCategory--zHtd8">
      <li>
        <div>
          <h3 class="src-widgets-StackCategory-StackCategory-module__name--XQSqW">
            Librairie 0
          </h3>
          <ul class="src-widgets-StackCategory-StackCategory-module__tags--XFK0O">
            <li>
              <div class="src-components-Tag-Tag-module__rootStyle--Cd2YJ"
                   data-testid="tag-component"
                   tabindex="-1"
              >
                <img alt="Icône de Tag 0"
                     loading="lazy"
                     width="12"
                     height="12"
                     decoding="async"
                     data-nimg="1"
                     class="src-components-Tag-Tag-module__icon--kRFOB"
                     srcset="/static/media/arrow.55ce8cbb.svg?w=16&amp;q=75 1x, /static/media/arrow.55ce8cbb.svg?w=32&amp;q=75 2x"
                     src="/static/media/arrow.55ce8cbb.svg?w=32&amp;q=75"
                     style="color: transparent;"
                >
                Tag 0
              </div>
            </li>
            <li>
              <div class="src-components-Tag-Tag-module__rootStyle--Cd2YJ"
                   data-testid="tag-component"
                   tabindex="-1"
              >
                <img alt="Icône de Tag 1"
                     loading="lazy"
                     width="12"
                     height="12"
                     decoding="async"
                     data-nimg="1"
                     class="src-components-Tag-Tag-module__icon--kRFOB"
                     srcset="/static/media/arrow.55ce8cbb.svg?w=16&amp;q=75 1x, /static/media/arrow.55ce8cbb.svg?w=32&amp;q=75 2x"
                     src="/static/media/arrow.55ce8cbb.svg?w=32&amp;q=75"
                     style="color: transparent;"
                >
                Tag 1
              </div>
            </li>
          </ul>
        </div>
      </li>
      <li>
        <div>
          <h3 class="src-widgets-StackCategory-StackCategory-module__name--XQSqW">
            Librairie 1
          </h3>
          <ul class="src-widgets-StackCategory-StackCategory-module__tags--XFK0O">
            <li>
              <div class="src-components-Tag-Tag-module__rootStyle--Cd2YJ"
                   data-testid="tag-component"
                   tabindex="-1"
              >
                <img alt="Icône de Tag 0"
                     loading="lazy"
                     width="12"
                     height="12"
                     decoding="async"
                     data-nimg="1"
                     class="src-components-Tag-Tag-module__icon--kRFOB"
                     srcset="/static/media/arrow.55ce8cbb.svg?w=16&amp;q=75 1x, /static/media/arrow.55ce8cbb.svg?w=32&amp;q=75 2x"
                     src="/static/media/arrow.55ce8cbb.svg?w=32&amp;q=75"
                     style="color: transparent;"
                >
                Tag 0
              </div>
            </li>
            <li>
              <div class="src-components-Tag-Tag-module__rootStyle--Cd2YJ"
                   data-testid="tag-component"
                   tabindex="-1"
              >
                <img alt="Icône de Tag 1"
                     loading="lazy"
                     width="12"
                     height="12"
                     decoding="async"
                     data-nimg="1"
                     class="src-components-Tag-Tag-module__icon--kRFOB"
                     srcset="/static/media/arrow.55ce8cbb.svg?w=16&amp;q=75 1x, /static/media/arrow.55ce8cbb.svg?w=32&amp;q=75 2x"
                     src="/static/media/arrow.55ce8cbb.svg?w=32&amp;q=75"
                     style="color: transparent;"
                >
                Tag 1
              </div>
            </li>
            <li>
              <div class="src-components-Tag-Tag-module__rootStyle--Cd2YJ"
                   data-testid="tag-component"
                   tabindex="-1"
              >
                <img alt="Icône de Tag 2"
                     loading="lazy"
                     width="12"
                     height="12"
                     decoding="async"
                     data-nimg="1"
                     class="src-components-Tag-Tag-module__icon--kRFOB"
                     srcset="/static/media/arrow.55ce8cbb.svg?w=16&amp;q=75 1x, /static/media/arrow.55ce8cbb.svg?w=32&amp;q=75 2x"
                     src="/static/media/arrow.55ce8cbb.svg?w=32&amp;q=75"
                     style="color: transparent;"
                >
                Tag 2
              </div>
            </li>
          </ul>
        </div>
      </li>
    </ul>
  </div>
</main>
`;

exports[`Widgets/StackOverview _3Categories smoke-test 1`] = `
<main class="inter-normal">
  <div>
    <h2 class="src-widgets-StackOverview-StackOverview-module__name--c2HKe">
      Front-end
    </h2>
    <ul class="src-widgets-StackOverview-StackOverview-module__stackCategory--zHtd8">
      <li>
        <div>
          <h3 class="src-widgets-StackCategory-StackCategory-module__name--XQSqW">
            Librairie 0
          </h3>
          <ul class="src-widgets-StackCategory-StackCategory-module__tags--XFK0O">
            <li>
              <div class="src-components-Tag-Tag-module__rootStyle--Cd2YJ"
                   data-testid="tag-component"
                   tabindex="-1"
              >
                <img alt="Icône de Tag 0"
                     loading="lazy"
                     width="12"
                     height="12"
                     decoding="async"
                     data-nimg="1"
                     class="src-components-Tag-Tag-module__icon--kRFOB"
                     srcset="/static/media/arrow.55ce8cbb.svg?w=16&amp;q=75 1x, /static/media/arrow.55ce8cbb.svg?w=32&amp;q=75 2x"
                     src="/static/media/arrow.55ce8cbb.svg?w=32&amp;q=75"
                     style="color: transparent;"
                >
                Tag 0
              </div>
            </li>
            <li>
              <div class="src-components-Tag-Tag-module__rootStyle--Cd2YJ"
                   data-testid="tag-component"
                   tabindex="-1"
              >
                <img alt="Icône de Tag 1"
                     loading="lazy"
                     width="12"
                     height="12"
                     decoding="async"
                     data-nimg="1"
                     class="src-components-Tag-Tag-module__icon--kRFOB"
                     srcset="/static/media/arrow.55ce8cbb.svg?w=16&amp;q=75 1x, /static/media/arrow.55ce8cbb.svg?w=32&amp;q=75 2x"
                     src="/static/media/arrow.55ce8cbb.svg?w=32&amp;q=75"
                     style="color: transparent;"
                >
                Tag 1
              </div>
            </li>
          </ul>
        </div>
      </li>
      <li>
        <div>
          <h3 class="src-widgets-StackCategory-StackCategory-module__name--XQSqW">
            Librairie 1
          </h3>
          <ul class="src-widgets-StackCategory-StackCategory-module__tags--XFK0O">
            <li>
              <div class="src-components-Tag-Tag-module__rootStyle--Cd2YJ"
                   data-testid="tag-component"
                   tabindex="-1"
              >
                <img alt="Icône de Tag 0"
                     loading="lazy"
                     width="12"
                     height="12"
                     decoding="async"
                     data-nimg="1"
                     class="src-components-Tag-Tag-module__icon--kRFOB"
                     srcset="/static/media/arrow.55ce8cbb.svg?w=16&amp;q=75 1x, /static/media/arrow.55ce8cbb.svg?w=32&amp;q=75 2x"
                     src="/static/media/arrow.55ce8cbb.svg?w=32&amp;q=75"
                     style="color: transparent;"
                >
                Tag 0
              </div>
            </li>
            <li>
              <div class="src-components-Tag-Tag-module__rootStyle--Cd2YJ"
                   data-testid="tag-component"
                   tabindex="-1"
              >
                <img alt="Icône de Tag 1"
                     loading="lazy"
                     width="12"
                     height="12"
                     decoding="async"
                     data-nimg="1"
                     class="src-components-Tag-Tag-module__icon--kRFOB"
                     srcset="/static/media/arrow.55ce8cbb.svg?w=16&amp;q=75 1x, /static/media/arrow.55ce8cbb.svg?w=32&amp;q=75 2x"
                     src="/static/media/arrow.55ce8cbb.svg?w=32&amp;q=75"
                     style="color: transparent;"
                >
                Tag 1
              </div>
            </li>
            <li>
              <div class="src-components-Tag-Tag-module__rootStyle--Cd2YJ"
                   data-testid="tag-component"
                   tabindex="-1"
              >
                <img alt="Icône de Tag 2"
                     loading="lazy"
                     width="12"
                     height="12"
                     decoding="async"
                     data-nimg="1"
                     class="src-components-Tag-Tag-module__icon--kRFOB"
                     srcset="/static/media/arrow.55ce8cbb.svg?w=16&amp;q=75 1x, /static/media/arrow.55ce8cbb.svg?w=32&amp;q=75 2x"
                     src="/static/media/arrow.55ce8cbb.svg?w=32&amp;q=75"
                     style="color: transparent;"
                >
                Tag 2
              </div>
            </li>
          </ul>
        </div>
      </li>
      <li>
        <div>
          <h3 class="src-widgets-StackCategory-StackCategory-module__name--XQSqW">
            Librairie 2
          </h3>
          <ul class="src-widgets-StackCategory-StackCategory-module__tags--XFK0O">
            <li>
              <div class="src-components-Tag-Tag-module__rootStyle--Cd2YJ"
                   data-testid="tag-component"
                   tabindex="-1"
              >
                <img alt="Icône de Tag 0"
                     loading="lazy"
                     width="12"
                     height="12"
                     decoding="async"
                     data-nimg="1"
                     class="src-components-Tag-Tag-module__icon--kRFOB"
                     srcset="/static/media/arrow.55ce8cbb.svg?w=16&amp;q=75 1x, /static/media/arrow.55ce8cbb.svg?w=32&amp;q=75 2x"
                     src="/static/media/arrow.55ce8cbb.svg?w=32&amp;q=75"
                     style="color: transparent;"
                >
                Tag 0
              </div>
            </li>
            <li>
              <div class="src-components-Tag-Tag-module__rootStyle--Cd2YJ"
                   data-testid="tag-component"
                   tabindex="-1"
              >
                <img alt="Icône de Tag 1"
                     loading="lazy"
                     width="12"
                     height="12"
                     decoding="async"
                     data-nimg="1"
                     class="src-components-Tag-Tag-module__icon--kRFOB"
                     srcset="/static/media/arrow.55ce8cbb.svg?w=16&amp;q=75 1x, /static/media/arrow.55ce8cbb.svg?w=32&amp;q=75 2x"
                     src="/static/media/arrow.55ce8cbb.svg?w=32&amp;q=75"
                     style="color: transparent;"
                >
                Tag 1
              </div>
            </li>
            <li>
              <div class="src-components-Tag-Tag-module__rootStyle--Cd2YJ"
                   data-testid="tag-component"
                   tabindex="-1"
              >
                <img alt="Icône de Tag 2"
                     loading="lazy"
                     width="12"
                     height="12"
                     decoding="async"
                     data-nimg="1"
                     class="src-components-Tag-Tag-module__icon--kRFOB"
                     srcset="/static/media/arrow.55ce8cbb.svg?w=16&amp;q=75 1x, /static/media/arrow.55ce8cbb.svg?w=32&amp;q=75 2x"
                     src="/static/media/arrow.55ce8cbb.svg?w=32&amp;q=75"
                     style="color: transparent;"
                >
                Tag 2
              </div>
            </li>
            <li>
              <div class="src-components-Tag-Tag-module__rootStyle--Cd2YJ"
                   data-testid="tag-component"
                   tabindex="-1"
              >
                <img alt="Icône de Tag 3"
                     loading="lazy"
                     width="12"
                     height="12"
                     decoding="async"
                     data-nimg="1"
                     class="src-components-Tag-Tag-module__icon--kRFOB"
                     srcset="/static/media/arrow.55ce8cbb.svg?w=16&amp;q=75 1x, /static/media/arrow.55ce8cbb.svg?w=32&amp;q=75 2x"
                     src="/static/media/arrow.55ce8cbb.svg?w=32&amp;q=75"
                     style="color: transparent;"
                >
                Tag 3
              </div>
            </li>
            <li>
              <div class="src-components-Tag-Tag-module__rootStyle--Cd2YJ"
                   data-testid="tag-component"
                   tabindex="-1"
              >
                <img alt="Icône de Tag 4"
                     loading="lazy"
                     width="12"
                     height="12"
                     decoding="async"
                     data-nimg="1"
                     class="src-components-Tag-Tag-module__icon--kRFOB"
                     srcset="/static/media/arrow.55ce8cbb.svg?w=16&amp;q=75 1x, /static/media/arrow.55ce8cbb.svg?w=32&amp;q=75 2x"
                     src="/static/media/arrow.55ce8cbb.svg?w=32&amp;q=75"
                     style="color: transparent;"
                >
                Tag 4
              </div>
            </li>
            <li>
              <div class="src-components-Tag-Tag-module__rootStyle--Cd2YJ"
                   data-testid="tag-component"
                   tabindex="-1"
              >
                <img alt="Icône de Tag 5"
                     loading="lazy"
                     width="12"
                     height="12"
                     decoding="async"
                     data-nimg="1"
                     class="src-components-Tag-Tag-module__icon--kRFOB"
                     srcset="/static/media/arrow.55ce8cbb.svg?w=16&amp;q=75 1x, /static/media/arrow.55ce8cbb.svg?w=32&amp;q=75 2x"
                     src="/static/media/arrow.55ce8cbb.svg?w=32&amp;q=75"
                     style="color: transparent;"
                >
                Tag 5
              </div>
            </li>
          </ul>
        </div>
      </li>
    </ul>
  </div>
</main>
`;

exports[`Widgets/StackOverview _4Categories smoke-test 1`] = `
<main class="inter-normal">
  <div>
    <h2 class="src-widgets-StackOverview-StackOverview-module__name--c2HKe">
      Front-end
    </h2>
    <ul class="src-widgets-StackOverview-StackOverview-module__stackCategory--zHtd8">
      <li>
        <div>
          <h3 class="src-widgets-StackCategory-StackCategory-module__name--XQSqW">
            Librairie 0
          </h3>
          <ul class="src-widgets-StackCategory-StackCategory-module__tags--XFK0O">
            <li>
              <div class="src-components-Tag-Tag-module__rootStyle--Cd2YJ"
                   data-testid="tag-component"
                   tabindex="-1"
              >
                <img alt="Icône de Tag 0"
                     loading="lazy"
                     width="12"
                     height="12"
                     decoding="async"
                     data-nimg="1"
                     class="src-components-Tag-Tag-module__icon--kRFOB"
                     srcset="/static/media/arrow.55ce8cbb.svg?w=16&amp;q=75 1x, /static/media/arrow.55ce8cbb.svg?w=32&amp;q=75 2x"
                     src="/static/media/arrow.55ce8cbb.svg?w=32&amp;q=75"
                     style="color: transparent;"
                >
                Tag 0
              </div>
            </li>
            <li>
              <div class="src-components-Tag-Tag-module__rootStyle--Cd2YJ"
                   data-testid="tag-component"
                   tabindex="-1"
              >
                <img alt="Icône de Tag 1"
                     loading="lazy"
                     width="12"
                     height="12"
                     decoding="async"
                     data-nimg="1"
                     class="src-components-Tag-Tag-module__icon--kRFOB"
                     srcset="/static/media/arrow.55ce8cbb.svg?w=16&amp;q=75 1x, /static/media/arrow.55ce8cbb.svg?w=32&amp;q=75 2x"
                     src="/static/media/arrow.55ce8cbb.svg?w=32&amp;q=75"
                     style="color: transparent;"
                >
                Tag 1
              </div>
            </li>
          </ul>
        </div>
      </li>
      <li>
        <div>
          <h3 class="src-widgets-StackCategory-StackCategory-module__name--XQSqW">
            Librairie 1
          </h3>
          <ul class="src-widgets-StackCategory-StackCategory-module__tags--XFK0O">
            <li>
              <div class="src-components-Tag-Tag-module__rootStyle--Cd2YJ"
                   data-testid="tag-component"
                   tabindex="-1"
              >
                <img alt="Icône de Tag 0"
                     loading="lazy"
                     width="12"
                     height="12"
                     decoding="async"
                     data-nimg="1"
                     class="src-components-Tag-Tag-module__icon--kRFOB"
                     srcset="/static/media/arrow.55ce8cbb.svg?w=16&amp;q=75 1x, /static/media/arrow.55ce8cbb.svg?w=32&amp;q=75 2x"
                     src="/static/media/arrow.55ce8cbb.svg?w=32&amp;q=75"
                     style="color: transparent;"
                >
                Tag 0
              </div>
            </li>
            <li>
              <div class="src-components-Tag-Tag-module__rootStyle--Cd2YJ"
                   data-testid="tag-component"
                   tabindex="-1"
              >
                <img alt="Icône de Tag 1"
                     loading="lazy"
                     width="12"
                     height="12"
                     decoding="async"
                     data-nimg="1"
                     class="src-components-Tag-Tag-module__icon--kRFOB"
                     srcset="/static/media/arrow.55ce8cbb.svg?w=16&amp;q=75 1x, /static/media/arrow.55ce8cbb.svg?w=32&amp;q=75 2x"
                     src="/static/media/arrow.55ce8cbb.svg?w=32&amp;q=75"
                     style="color: transparent;"
                >
                Tag 1
              </div>
            </li>
            <li>
              <div class="src-components-Tag-Tag-module__rootStyle--Cd2YJ"
                   data-testid="tag-component"
                   tabindex="-1"
              >
                <img alt="Icône de Tag 2"
                     loading="lazy"
                     width="12"
                     height="12"
                     decoding="async"
                     data-nimg="1"
                     class="src-components-Tag-Tag-module__icon--kRFOB"
                     srcset="/static/media/arrow.55ce8cbb.svg?w=16&amp;q=75 1x, /static/media/arrow.55ce8cbb.svg?w=32&amp;q=75 2x"
                     src="/static/media/arrow.55ce8cbb.svg?w=32&amp;q=75"
                     style="color: transparent;"
                >
                Tag 2
              </div>
            </li>
          </ul>
        </div>
      </li>
      <li>
        <div>
          <h3 class="src-widgets-StackCategory-StackCategory-module__name--XQSqW">
            Librairie 2
          </h3>
          <ul class="src-widgets-StackCategory-StackCategory-module__tags--XFK0O">
            <li>
              <div class="src-components-Tag-Tag-module__rootStyle--Cd2YJ"
                   data-testid="tag-component"
                   tabindex="-1"
              >
                <img alt="Icône de Tag 0"
                     loading="lazy"
                     width="12"
                     height="12"
                     decoding="async"
                     data-nimg="1"
                     class="src-components-Tag-Tag-module__icon--kRFOB"
                     srcset="/static/media/arrow.55ce8cbb.svg?w=16&amp;q=75 1x, /static/media/arrow.55ce8cbb.svg?w=32&amp;q=75 2x"
                     src="/static/media/arrow.55ce8cbb.svg?w=32&amp;q=75"
                     style="color: transparent;"
                >
                Tag 0
              </div>
            </li>
            <li>
              <div class="src-components-Tag-Tag-module__rootStyle--Cd2YJ"
                   data-testid="tag-component"
                   tabindex="-1"
              >
                <img alt="Icône de Tag 1"
                     loading="lazy"
                     width="12"
                     height="12"
                     decoding="async"
                     data-nimg="1"
                     class="src-components-Tag-Tag-module__icon--kRFOB"
                     srcset="/static/media/arrow.55ce8cbb.svg?w=16&amp;q=75 1x, /static/media/arrow.55ce8cbb.svg?w=32&amp;q=75 2x"
                     src="/static/media/arrow.55ce8cbb.svg?w=32&amp;q=75"
                     style="color: transparent;"
                >
                Tag 1
              </div>
            </li>
            <li>
              <div class="src-components-Tag-Tag-module__rootStyle--Cd2YJ"
                   data-testid="tag-component"
                   tabindex="-1"
              >
                <img alt="Icône de Tag 2"
                     loading="lazy"
                     width="12"
                     height="12"
                     decoding="async"
                     data-nimg="1"
                     class="src-components-Tag-Tag-module__icon--kRFOB"
                     srcset="/static/media/arrow.55ce8cbb.svg?w=16&amp;q=75 1x, /static/media/arrow.55ce8cbb.svg?w=32&amp;q=75 2x"
                     src="/static/media/arrow.55ce8cbb.svg?w=32&amp;q=75"
                     style="color: transparent;"
                >
                Tag 2
              </div>
            </li>
            <li>
              <div class="src-components-Tag-Tag-module__rootStyle--Cd2YJ"
                   data-testid="tag-component"
                   tabindex="-1"
              >
                <img alt="Icône de Tag 3"
                     loading="lazy"
                     width="12"
                     height="12"
                     decoding="async"
                     data-nimg="1"
                     class="src-components-Tag-Tag-module__icon--kRFOB"
                     srcset="/static/media/arrow.55ce8cbb.svg?w=16&amp;q=75 1x, /static/media/arrow.55ce8cbb.svg?w=32&amp;q=75 2x"
                     src="/static/media/arrow.55ce8cbb.svg?w=32&amp;q=75"
                     style="color: transparent;"
                >
                Tag 3
              </div>
            </li>
            <li>
              <div class="src-components-Tag-Tag-module__rootStyle--Cd2YJ"
                   data-testid="tag-component"
                   tabindex="-1"
              >
                <img alt="Icône de Tag 4"
                     loading="lazy"
                     width="12"
                     height="12"
                     decoding="async"
                     data-nimg="1"
                     class="src-components-Tag-Tag-module__icon--kRFOB"
                     srcset="/static/media/arrow.55ce8cbb.svg?w=16&amp;q=75 1x, /static/media/arrow.55ce8cbb.svg?w=32&amp;q=75 2x"
                     src="/static/media/arrow.55ce8cbb.svg?w=32&amp;q=75"
                     style="color: transparent;"
                >
                Tag 4
              </div>
            </li>
            <li>
              <div class="src-components-Tag-Tag-module__rootStyle--Cd2YJ"
                   data-testid="tag-component"
                   tabindex="-1"
              >
                <img alt="Icône de Tag 5"
                     loading="lazy"
                     width="12"
                     height="12"
                     decoding="async"
                     data-nimg="1"
                     class="src-components-Tag-Tag-module__icon--kRFOB"
                     srcset="/static/media/arrow.55ce8cbb.svg?w=16&amp;q=75 1x, /static/media/arrow.55ce8cbb.svg?w=32&amp;q=75 2x"
                     src="/static/media/arrow.55ce8cbb.svg?w=32&amp;q=75"
                     style="color: transparent;"
                >
                Tag 5
              </div>
            </li>
          </ul>
        </div>
      </li>
      <li>
        <div>
          <h3 class="src-widgets-StackCategory-StackCategory-module__name--XQSqW">
            Librairie 3
          </h3>
          <ul class="src-widgets-StackCategory-StackCategory-module__tags--XFK0O">
            <li>
              <div class="src-components-Tag-Tag-module__rootStyle--Cd2YJ"
                   data-testid="tag-component"
                   tabindex="-1"
              >
                <img alt="Icône de Tag 0"
                     loading="lazy"
                     width="12"
                     height="12"
                     decoding="async"
                     data-nimg="1"
                     class="src-components-Tag-Tag-module__icon--kRFOB"
                     srcset="/static/media/arrow.55ce8cbb.svg?w=16&amp;q=75 1x, /static/media/arrow.55ce8cbb.svg?w=32&amp;q=75 2x"
                     src="/static/media/arrow.55ce8cbb.svg?w=32&amp;q=75"
                     style="color: transparent;"
                >
                Tag 0
              </div>
            </li>
          </ul>
        </div>
      </li>
    </ul>
  </div>
</main>
`;

exports[`Widgets/StackOverview _5Categories smoke-test 1`] = `
<main class="inter-normal">
  <div>
    <h2 class="src-widgets-StackOverview-StackOverview-module__name--c2HKe">
      Front-end
    </h2>
    <ul class="src-widgets-StackOverview-StackOverview-module__stackCategory--zHtd8">
      <li>
        <div>
          <h3 class="src-widgets-StackCategory-StackCategory-module__name--XQSqW">
            Librairie 0
          </h3>
          <ul class="src-widgets-StackCategory-StackCategory-module__tags--XFK0O">
            <li>
              <div class="src-components-Tag-Tag-module__rootStyle--Cd2YJ"
                   data-testid="tag-component"
                   tabindex="-1"
              >
                <img alt="Icône de Tag 0"
                     loading="lazy"
                     width="12"
                     height="12"
                     decoding="async"
                     data-nimg="1"
                     class="src-components-Tag-Tag-module__icon--kRFOB"
                     srcset="/static/media/arrow.55ce8cbb.svg?w=16&amp;q=75 1x, /static/media/arrow.55ce8cbb.svg?w=32&amp;q=75 2x"
                     src="/static/media/arrow.55ce8cbb.svg?w=32&amp;q=75"
                     style="color: transparent;"
                >
                Tag 0
              </div>
            </li>
            <li>
              <div class="src-components-Tag-Tag-module__rootStyle--Cd2YJ"
                   data-testid="tag-component"
                   tabindex="-1"
              >
                <img alt="Icône de Tag 1"
                     loading="lazy"
                     width="12"
                     height="12"
                     decoding="async"
                     data-nimg="1"
                     class="src-components-Tag-Tag-module__icon--kRFOB"
                     srcset="/static/media/arrow.55ce8cbb.svg?w=16&amp;q=75 1x, /static/media/arrow.55ce8cbb.svg?w=32&amp;q=75 2x"
                     src="/static/media/arrow.55ce8cbb.svg?w=32&amp;q=75"
                     style="color: transparent;"
                >
                Tag 1
              </div>
            </li>
          </ul>
        </div>
      </li>
      <li>
        <div>
          <h3 class="src-widgets-StackCategory-StackCategory-module__name--XQSqW">
            Librairie 1
          </h3>
          <ul class="src-widgets-StackCategory-StackCategory-module__tags--XFK0O">
            <li>
              <div class="src-components-Tag-Tag-module__rootStyle--Cd2YJ"
                   data-testid="tag-component"
                   tabindex="-1"
              >
                <img alt="Icône de Tag 0"
                     loading="lazy"
                     width="12"
                     height="12"
                     decoding="async"
                     data-nimg="1"
                     class="src-components-Tag-Tag-module__icon--kRFOB"
                     srcset="/static/media/arrow.55ce8cbb.svg?w=16&amp;q=75 1x, /static/media/arrow.55ce8cbb.svg?w=32&amp;q=75 2x"
                     src="/static/media/arrow.55ce8cbb.svg?w=32&amp;q=75"
                     style="color: transparent;"
                >
                Tag 0
              </div>
            </li>
            <li>
              <div class="src-components-Tag-Tag-module__rootStyle--Cd2YJ"
                   data-testid="tag-component"
                   tabindex="-1"
              >
                <img alt="Icône de Tag 1"
                     loading="lazy"
                     width="12"
                     height="12"
                     decoding="async"
                     data-nimg="1"
                     class="src-components-Tag-Tag-module__icon--kRFOB"
                     srcset="/static/media/arrow.55ce8cbb.svg?w=16&amp;q=75 1x, /static/media/arrow.55ce8cbb.svg?w=32&amp;q=75 2x"
                     src="/static/media/arrow.55ce8cbb.svg?w=32&amp;q=75"
                     style="color: transparent;"
                >
                Tag 1
              </div>
            </li>
            <li>
              <div class="src-components-Tag-Tag-module__rootStyle--Cd2YJ"
                   data-testid="tag-component"
                   tabindex="-1"
              >
                <img alt="Icône de Tag 2"
                     loading="lazy"
                     width="12"
                     height="12"
                     decoding="async"
                     data-nimg="1"
                     class="src-components-Tag-Tag-module__icon--kRFOB"
                     srcset="/static/media/arrow.55ce8cbb.svg?w=16&amp;q=75 1x, /static/media/arrow.55ce8cbb.svg?w=32&amp;q=75 2x"
                     src="/static/media/arrow.55ce8cbb.svg?w=32&amp;q=75"
                     style="color: transparent;"
                >
                Tag 2
              </div>
            </li>
          </ul>
        </div>
      </li>
      <li>
        <div>
          <h3 class="src-widgets-StackCategory-StackCategory-module__name--XQSqW">
            Librairie 2
          </h3>
          <ul class="src-widgets-StackCategory-StackCategory-module__tags--XFK0O">
            <li>
              <div class="src-components-Tag-Tag-module__rootStyle--Cd2YJ"
                   data-testid="tag-component"
                   tabindex="-1"
              >
                <img alt="Icône de Tag 0"
                     loading="lazy"
                     width="12"
                     height="12"
                     decoding="async"
                     data-nimg="1"
                     class="src-components-Tag-Tag-module__icon--kRFOB"
                     srcset="/static/media/arrow.55ce8cbb.svg?w=16&amp;q=75 1x, /static/media/arrow.55ce8cbb.svg?w=32&amp;q=75 2x"
                     src="/static/media/arrow.55ce8cbb.svg?w=32&amp;q=75"
                     style="color: transparent;"
                >
                Tag 0
              </div>
            </li>
            <li>
              <div class="src-components-Tag-Tag-module__rootStyle--Cd2YJ"
                   data-testid="tag-component"
                   tabindex="-1"
              >
                <img alt="Icône de Tag 1"
                     loading="lazy"
                     width="12"
                     height="12"
                     decoding="async"
                     data-nimg="1"
                     class="src-components-Tag-Tag-module__icon--kRFOB"
                     srcset="/static/media/arrow.55ce8cbb.svg?w=16&amp;q=75 1x, /static/media/arrow.55ce8cbb.svg?w=32&amp;q=75 2x"
                     src="/static/media/arrow.55ce8cbb.svg?w=32&amp;q=75"
                     style="color: transparent;"
                >
                Tag 1
              </div>
            </li>
            <li>
              <div class="src-components-Tag-Tag-module__rootStyle--Cd2YJ"
                   data-testid="tag-component"
                   tabindex="-1"
              >
                <img alt="Icône de Tag 2"
                     loading="lazy"
                     width="12"
                     height="12"
                     decoding="async"
                     data-nimg="1"
                     class="src-components-Tag-Tag-module__icon--kRFOB"
                     srcset="/static/media/arrow.55ce8cbb.svg?w=16&amp;q=75 1x, /static/media/arrow.55ce8cbb.svg?w=32&amp;q=75 2x"
                     src="/static/media/arrow.55ce8cbb.svg?w=32&amp;q=75"
                     style="color: transparent;"
                >
                Tag 2
              </div>
            </li>
            <li>
              <div class="src-components-Tag-Tag-module__rootStyle--Cd2YJ"
                   data-testid="tag-component"
                   tabindex="-1"
              >
                <img alt="Icône de Tag 3"
                     loading="lazy"
                     width="12"
                     height="12"
                     decoding="async"
                     data-nimg="1"
                     class="src-components-Tag-Tag-module__icon--kRFOB"
                     srcset="/static/media/arrow.55ce8cbb.svg?w=16&amp;q=75 1x, /static/media/arrow.55ce8cbb.svg?w=32&amp;q=75 2x"
                     src="/static/media/arrow.55ce8cbb.svg?w=32&amp;q=75"
                     style="color: transparent;"
                >
                Tag 3
              </div>
            </li>
            <li>
              <div class="src-components-Tag-Tag-module__rootStyle--Cd2YJ"
                   data-testid="tag-component"
                   tabindex="-1"
              >
                <img alt="Icône de Tag 4"
                     loading="lazy"
                     width="12"
                     height="12"
                     decoding="async"
                     data-nimg="1"
                     class="src-components-Tag-Tag-module__icon--kRFOB"
                     srcset="/static/media/arrow.55ce8cbb.svg?w=16&amp;q=75 1x, /static/media/arrow.55ce8cbb.svg?w=32&amp;q=75 2x"
                     src="/static/media/arrow.55ce8cbb.svg?w=32&amp;q=75"
                     style="color: transparent;"
                >
                Tag 4
              </div>
            </li>
            <li>
              <div class="src-components-Tag-Tag-module__rootStyle--Cd2YJ"
                   data-testid="tag-component"
                   tabindex="-1"
              >
                <img alt="Icône de Tag 5"
                     loading="lazy"
                     width="12"
                     height="12"
                     decoding="async"
                     data-nimg="1"
                     class="src-components-Tag-Tag-module__icon--kRFOB"
                     srcset="/static/media/arrow.55ce8cbb.svg?w=16&amp;q=75 1x, /static/media/arrow.55ce8cbb.svg?w=32&amp;q=75 2x"
                     src="/static/media/arrow.55ce8cbb.svg?w=32&amp;q=75"
                     style="color: transparent;"
                >
                Tag 5
              </div>
            </li>
          </ul>
        </div>
      </li>
      <li>
        <div>
          <h3 class="src-widgets-StackCategory-StackCategory-module__name--XQSqW">
            Librairie 3
          </h3>
          <ul class="src-widgets-StackCategory-StackCategory-module__tags--XFK0O">
            <li>
              <div class="src-components-Tag-Tag-module__rootStyle--Cd2YJ"
                   data-testid="tag-component"
                   tabindex="-1"
              >
                <img alt="Icône de Tag 0"
                     loading="lazy"
                     width="12"
                     height="12"
                     decoding="async"
                     data-nimg="1"
                     class="src-components-Tag-Tag-module__icon--kRFOB"
                     srcset="/static/media/arrow.55ce8cbb.svg?w=16&amp;q=75 1x, /static/media/arrow.55ce8cbb.svg?w=32&amp;q=75 2x"
                     src="/static/media/arrow.55ce8cbb.svg?w=32&amp;q=75"
                     style="color: transparent;"
                >
                Tag 0
              </div>
            </li>
          </ul>
        </div>
      </li>
      <li>
        <div>
          <h3 class="src-widgets-StackCategory-StackCategory-module__name--XQSqW">
            Librairie 4
          </h3>
          <ul class="src-widgets-StackCategory-StackCategory-module__tags--XFK0O">
            <li>
              <div class="src-components-Tag-Tag-module__rootStyle--Cd2YJ"
                   data-testid="tag-component"
                   tabindex="-1"
              >
                <img alt="Icône de Tag 0"
                     loading="lazy"
                     width="12"
                     height="12"
                     decoding="async"
                     data-nimg="1"
                     class="src-components-Tag-Tag-module__icon--kRFOB"
                     srcset="/static/media/arrow.55ce8cbb.svg?w=16&amp;q=75 1x, /static/media/arrow.55ce8cbb.svg?w=32&amp;q=75 2x"
                     src="/static/media/arrow.55ce8cbb.svg?w=32&amp;q=75"
                     style="color: transparent;"
                >
                Tag 0
              </div>
            </li>
            <li>
              <div class="src-components-Tag-Tag-module__rootStyle--Cd2YJ"
                   data-testid="tag-component"
                   tabindex="-1"
              >
                <img alt="Icône de Tag 1"
                     loading="lazy"
                     width="12"
                     height="12"
                     decoding="async"
                     data-nimg="1"
                     class="src-components-Tag-Tag-module__icon--kRFOB"
                     srcset="/static/media/arrow.55ce8cbb.svg?w=16&amp;q=75 1x, /static/media/arrow.55ce8cbb.svg?w=32&amp;q=75 2x"
                     src="/static/media/arrow.55ce8cbb.svg?w=32&amp;q=75"
                     style="color: transparent;"
                >
                Tag 1
              </div>
            </li>
            <li>
              <div class="src-components-Tag-Tag-module__rootStyle--Cd2YJ"
                   data-testid="tag-component"
                   tabindex="-1"
              >
                <img alt="Icône de Tag 2"
                     loading="lazy"
                     width="12"
                     height="12"
                     decoding="async"
                     data-nimg="1"
                     class="src-components-Tag-Tag-module__icon--kRFOB"
                     srcset="/static/media/arrow.55ce8cbb.svg?w=16&amp;q=75 1x, /static/media/arrow.55ce8cbb.svg?w=32&amp;q=75 2x"
                     src="/static/media/arrow.55ce8cbb.svg?w=32&amp;q=75"
                     style="color: transparent;"
                >
                Tag 2
              </div>
            </li>
            <li>
              <div class="src-components-Tag-Tag-module__rootStyle--Cd2YJ"
                   data-testid="tag-component"
                   tabindex="-1"
              >
                <img alt="Icône de Tag 3"
                     loading="lazy"
                     width="12"
                     height="12"
                     decoding="async"
                     data-nimg="1"
                     class="src-components-Tag-Tag-module__icon--kRFOB"
                     srcset="/static/media/arrow.55ce8cbb.svg?w=16&amp;q=75 1x, /static/media/arrow.55ce8cbb.svg?w=32&amp;q=75 2x"
                     src="/static/media/arrow.55ce8cbb.svg?w=32&amp;q=75"
                     style="color: transparent;"
                >
                Tag 3
              </div>
            </li>
          </ul>
        </div>
      </li>
    </ul>
  </div>
</main>
`;

exports[`Widgets/StackOverview _10Categories smoke-test 1`] = `
<main class="inter-normal">
  <div>
    <h2 class="src-widgets-StackOverview-StackOverview-module__name--c2HKe">
      Front-end
    </h2>
    <ul class="src-widgets-StackOverview-StackOverview-module__stackCategory--zHtd8">
      <li>
        <div>
          <h3 class="src-widgets-StackCategory-StackCategory-module__name--XQSqW">
            Librairie 0
          </h3>
          <ul class="src-widgets-StackCategory-StackCategory-module__tags--XFK0O">
            <li>
              <div class="src-components-Tag-Tag-module__rootStyle--Cd2YJ"
                   data-testid="tag-component"
                   tabindex="-1"
              >
                <img alt="Icône de Tag 0"
                     loading="lazy"
                     width="12"
                     height="12"
                     decoding="async"
                     data-nimg="1"
                     class="src-components-Tag-Tag-module__icon--kRFOB"
                     srcset="/static/media/arrow.55ce8cbb.svg?w=16&amp;q=75 1x, /static/media/arrow.55ce8cbb.svg?w=32&amp;q=75 2x"
                     src="/static/media/arrow.55ce8cbb.svg?w=32&amp;q=75"
                     style="color: transparent;"
                >
                Tag 0
              </div>
            </li>
            <li>
              <div class="src-components-Tag-Tag-module__rootStyle--Cd2YJ"
                   data-testid="tag-component"
                   tabindex="-1"
              >
                <img alt="Icône de Tag 1"
                     loading="lazy"
                     width="12"
                     height="12"
                     decoding="async"
                     data-nimg="1"
                     class="src-components-Tag-Tag-module__icon--kRFOB"
                     srcset="/static/media/arrow.55ce8cbb.svg?w=16&amp;q=75 1x, /static/media/arrow.55ce8cbb.svg?w=32&amp;q=75 2x"
                     src="/static/media/arrow.55ce8cbb.svg?w=32&amp;q=75"
                     style="color: transparent;"
                >
                Tag 1
              </div>
            </li>
          </ul>
        </div>
      </li>
      <li>
        <div>
          <h3 class="src-widgets-StackCategory-StackCategory-module__name--XQSqW">
            Librairie 1
          </h3>
          <ul class="src-widgets-StackCategory-StackCategory-module__tags--XFK0O">
            <li>
              <div class="src-components-Tag-Tag-module__rootStyle--Cd2YJ"
                   data-testid="tag-component"
                   tabindex="-1"
              >
                <img alt="Icône de Tag 0"
                     loading="lazy"
                     width="12"
                     height="12"
                     decoding="async"
                     data-nimg="1"
                     class="src-components-Tag-Tag-module__icon--kRFOB"
                     srcset="/static/media/arrow.55ce8cbb.svg?w=16&amp;q=75 1x, /static/media/arrow.55ce8cbb.svg?w=32&amp;q=75 2x"
                     src="/static/media/arrow.55ce8cbb.svg?w=32&amp;q=75"
                     style="color: transparent;"
                >
                Tag 0
              </div>
            </li>
            <li>
              <div class="src-components-Tag-Tag-module__rootStyle--Cd2YJ"
                   data-testid="tag-component"
                   tabindex="-1"
              >
                <img alt="Icône de Tag 1"
                     loading="lazy"
                     width="12"
                     height="12"
                     decoding="async"
                     data-nimg="1"
                     class="src-components-Tag-Tag-module__icon--kRFOB"
                     srcset="/static/media/arrow.55ce8cbb.svg?w=16&amp;q=75 1x, /static/media/arrow.55ce8cbb.svg?w=32&amp;q=75 2x"
                     src="/static/media/arrow.55ce8cbb.svg?w=32&amp;q=75"
                     style="color: transparent;"
                >
                Tag 1
              </div>
            </li>
            <li>
              <div class="src-components-Tag-Tag-module__rootStyle--Cd2YJ"
                   data-testid="tag-component"
                   tabindex="-1"
              >
                <img alt="Icône de Tag 2"
                     loading="lazy"
                     width="12"
                     height="12"
                     decoding="async"
                     data-nimg="1"
                     class="src-components-Tag-Tag-module__icon--kRFOB"
                     srcset="/static/media/arrow.55ce8cbb.svg?w=16&amp;q=75 1x, /static/media/arrow.55ce8cbb.svg?w=32&amp;q=75 2x"
                     src="/static/media/arrow.55ce8cbb.svg?w=32&amp;q=75"
                     style="color: transparent;"
                >
                Tag 2
              </div>
            </li>
          </ul>
        </div>
      </li>
      <li>
        <div>
          <h3 class="src-widgets-StackCategory-StackCategory-module__name--XQSqW">
            Librairie 2
          </h3>
          <ul class="src-widgets-StackCategory-StackCategory-module__tags--XFK0O">
            <li>
              <div class="src-components-Tag-Tag-module__rootStyle--Cd2YJ"
                   data-testid="tag-component"
                   tabindex="-1"
              >
                <img alt="Icône de Tag 0"
                     loading="lazy"
                     width="12"
                     height="12"
                     decoding="async"
                     data-nimg="1"
                     class="src-components-Tag-Tag-module__icon--kRFOB"
                     srcset="/static/media/arrow.55ce8cbb.svg?w=16&amp;q=75 1x, /static/media/arrow.55ce8cbb.svg?w=32&amp;q=75 2x"
                     src="/static/media/arrow.55ce8cbb.svg?w=32&amp;q=75"
                     style="color: transparent;"
                >
                Tag 0
              </div>
            </li>
            <li>
              <div class="src-components-Tag-Tag-module__rootStyle--Cd2YJ"
                   data-testid="tag-component"
                   tabindex="-1"
              >
                <img alt="Icône de Tag 1"
                     loading="lazy"
                     width="12"
                     height="12"
                     decoding="async"
                     data-nimg="1"
                     class="src-components-Tag-Tag-module__icon--kRFOB"
                     srcset="/static/media/arrow.55ce8cbb.svg?w=16&amp;q=75 1x, /static/media/arrow.55ce8cbb.svg?w=32&amp;q=75 2x"
                     src="/static/media/arrow.55ce8cbb.svg?w=32&amp;q=75"
                     style="color: transparent;"
                >
                Tag 1
              </div>
            </li>
            <li>
              <div class="src-components-Tag-Tag-module__rootStyle--Cd2YJ"
                   data-testid="tag-component"
                   tabindex="-1"
              >
                <img alt="Icône de Tag 2"
                     loading="lazy"
                     width="12"
                     height="12"
                     decoding="async"
                     data-nimg="1"
                     class="src-components-Tag-Tag-module__icon--kRFOB"
                     srcset="/static/media/arrow.55ce8cbb.svg?w=16&amp;q=75 1x, /static/media/arrow.55ce8cbb.svg?w=32&amp;q=75 2x"
                     src="/static/media/arrow.55ce8cbb.svg?w=32&amp;q=75"
                     style="color: transparent;"
                >
                Tag 2
              </div>
            </li>
            <li>
              <div class="src-components-Tag-Tag-module__rootStyle--Cd2YJ"
                   data-testid="tag-component"
                   tabindex="-1"
              >
                <img alt="Icône de Tag 3"
                     loading="lazy"
                     width="12"
                     height="12"
                     decoding="async"
                     data-nimg="1"
                     class="src-components-Tag-Tag-module__icon--kRFOB"
                     srcset="/static/media/arrow.55ce8cbb.svg?w=16&amp;q=75 1x, /static/media/arrow.55ce8cbb.svg?w=32&amp;q=75 2x"
                     src="/static/media/arrow.55ce8cbb.svg?w=32&amp;q=75"
                     style="color: transparent;"
                >
                Tag 3
              </div>
            </li>
            <li>
              <div class="src-components-Tag-Tag-module__rootStyle--Cd2YJ"
                   data-testid="tag-component"
                   tabindex="-1"
              >
                <img alt="Icône de Tag 4"
                     loading="lazy"
                     width="12"
                     height="12"
                     decoding="async"
                     data-nimg="1"
                     class="src-components-Tag-Tag-module__icon--kRFOB"
                     srcset="/static/media/arrow.55ce8cbb.svg?w=16&amp;q=75 1x, /static/media/arrow.55ce8cbb.svg?w=32&amp;q=75 2x"
                     src="/static/media/arrow.55ce8cbb.svg?w=32&amp;q=75"
                     style="color: transparent;"
                >
                Tag 4
              </div>
            </li>
            <li>
              <div class="src-components-Tag-Tag-module__rootStyle--Cd2YJ"
                   data-testid="tag-component"
                   tabindex="-1"
              >
                <img alt="Icône de Tag 5"
                     loading="lazy"
                     width="12"
                     height="12"
                     decoding="async"
                     data-nimg="1"
                     class="src-components-Tag-Tag-module__icon--kRFOB"
                     srcset="/static/media/arrow.55ce8cbb.svg?w=16&amp;q=75 1x, /static/media/arrow.55ce8cbb.svg?w=32&amp;q=75 2x"
                     src="/static/media/arrow.55ce8cbb.svg?w=32&amp;q=75"
                     style="color: transparent;"
                >
                Tag 5
              </div>
            </li>
          </ul>
        </div>
      </li>
      <li>
        <div>
          <h3 class="src-widgets-StackCategory-StackCategory-module__name--XQSqW">
            Librairie 3
          </h3>
          <ul class="src-widgets-StackCategory-StackCategory-module__tags--XFK0O">
            <li>
              <div class="src-components-Tag-Tag-module__rootStyle--Cd2YJ"
                   data-testid="tag-component"
                   tabindex="-1"
              >
                <img alt="Icône de Tag 0"
                     loading="lazy"
                     width="12"
                     height="12"
                     decoding="async"
                     data-nimg="1"
                     class="src-components-Tag-Tag-module__icon--kRFOB"
                     srcset="/static/media/arrow.55ce8cbb.svg?w=16&amp;q=75 1x, /static/media/arrow.55ce8cbb.svg?w=32&amp;q=75 2x"
                     src="/static/media/arrow.55ce8cbb.svg?w=32&amp;q=75"
                     style="color: transparent;"
                >
                Tag 0
              </div>
            </li>
          </ul>
        </div>
      </li>
      <li>
        <div>
          <h3 class="src-widgets-StackCategory-StackCategory-module__name--XQSqW">
            Librairie 4
          </h3>
          <ul class="src-widgets-StackCategory-StackCategory-module__tags--XFK0O">
            <li>
              <div class="src-components-Tag-Tag-module__rootStyle--Cd2YJ"
                   data-testid="tag-component"
                   tabindex="-1"
              >
                <img alt="Icône de Tag 0"
                     loading="lazy"
                     width="12"
                     height="12"
                     decoding="async"
                     data-nimg="1"
                     class="src-components-Tag-Tag-module__icon--kRFOB"
                     srcset="/static/media/arrow.55ce8cbb.svg?w=16&amp;q=75 1x, /static/media/arrow.55ce8cbb.svg?w=32&amp;q=75 2x"
                     src="/static/media/arrow.55ce8cbb.svg?w=32&amp;q=75"
                     style="color: transparent;"
                >
                Tag 0
              </div>
            </li>
            <li>
              <div class="src-components-Tag-Tag-module__rootStyle--Cd2YJ"
                   data-testid="tag-component"
                   tabindex="-1"
              >
                <img alt="Icône de Tag 1"
                     loading="lazy"
                     width="12"
                     height="12"
                     decoding="async"
                     data-nimg="1"
                     class="src-components-Tag-Tag-module__icon--kRFOB"
                     srcset="/static/media/arrow.55ce8cbb.svg?w=16&amp;q=75 1x, /static/media/arrow.55ce8cbb.svg?w=32&amp;q=75 2x"
                     src="/static/media/arrow.55ce8cbb.svg?w=32&amp;q=75"
                     style="color: transparent;"
                >
                Tag 1
              </div>
            </li>
            <li>
              <div class="src-components-Tag-Tag-module__rootStyle--Cd2YJ"
                   data-testid="tag-component"
                   tabindex="-1"
              >
                <img alt="Icône de Tag 2"
                     loading="lazy"
                     width="12"
                     height="12"
                     decoding="async"
                     data-nimg="1"
                     class="src-components-Tag-Tag-module__icon--kRFOB"
                     srcset="/static/media/arrow.55ce8cbb.svg?w=16&amp;q=75 1x, /static/media/arrow.55ce8cbb.svg?w=32&amp;q=75 2x"
                     src="/static/media/arrow.55ce8cbb.svg?w=32&amp;q=75"
                     style="color: transparent;"
                >
                Tag 2
              </div>
            </li>
            <li>
              <div class="src-components-Tag-Tag-module__rootStyle--Cd2YJ"
                   data-testid="tag-component"
                   tabindex="-1"
              >
                <img alt="Icône de Tag 3"
                     loading="lazy"
                     width="12"
                     height="12"
                     decoding="async"
                     data-nimg="1"
                     class="src-components-Tag-Tag-module__icon--kRFOB"
                     srcset="/static/media/arrow.55ce8cbb.svg?w=16&amp;q=75 1x, /static/media/arrow.55ce8cbb.svg?w=32&amp;q=75 2x"
                     src="/static/media/arrow.55ce8cbb.svg?w=32&amp;q=75"
                     style="color: transparent;"
                >
                Tag 3
              </div>
            </li>
          </ul>
        </div>
      </li>
      <li>
        <div>
          <h3 class="src-widgets-StackCategory-StackCategory-module__name--XQSqW">
            Librairie 5
          </h3>
          <ul class="src-widgets-StackCategory-StackCategory-module__tags--XFK0O">
            <li>
              <div class="src-components-Tag-Tag-module__rootStyle--Cd2YJ"
                   data-testid="tag-component"
                   tabindex="-1"
              >
                <img alt="Icône de Tag 0"
                     loading="lazy"
                     width="12"
                     height="12"
                     decoding="async"
                     data-nimg="1"
                     class="src-components-Tag-Tag-module__icon--kRFOB"
                     srcset="/static/media/arrow.55ce8cbb.svg?w=16&amp;q=75 1x, /static/media/arrow.55ce8cbb.svg?w=32&amp;q=75 2x"
                     src="/static/media/arrow.55ce8cbb.svg?w=32&amp;q=75"
                     style="color: transparent;"
                >
                Tag 0
              </div>
            </li>
            <li>
              <div class="src-components-Tag-Tag-module__rootStyle--Cd2YJ"
                   data-testid="tag-component"
                   tabindex="-1"
              >
                <img alt="Icône de Tag 1"
                     loading="lazy"
                     width="12"
                     height="12"
                     decoding="async"
                     data-nimg="1"
                     class="src-components-Tag-Tag-module__icon--kRFOB"
                     srcset="/static/media/arrow.55ce8cbb.svg?w=16&amp;q=75 1x, /static/media/arrow.55ce8cbb.svg?w=32&amp;q=75 2x"
                     src="/static/media/arrow.55ce8cbb.svg?w=32&amp;q=75"
                     style="color: transparent;"
                >
                Tag 1
              </div>
            </li>
            <li>
              <div class="src-components-Tag-Tag-module__rootStyle--Cd2YJ"
                   data-testid="tag-component"
                   tabindex="-1"
              >
                <img alt="Icône de Tag 2"
                     loading="lazy"
                     width="12"
                     height="12"
                     decoding="async"
                     data-nimg="1"
                     class="src-components-Tag-Tag-module__icon--kRFOB"
                     srcset="/static/media/arrow.55ce8cbb.svg?w=16&amp;q=75 1x, /static/media/arrow.55ce8cbb.svg?w=32&amp;q=75 2x"
                     src="/static/media/arrow.55ce8cbb.svg?w=32&amp;q=75"
                     style="color: transparent;"
                >
                Tag 2
              </div>
            </li>
            <li>
              <div class="src-components-Tag-Tag-module__rootStyle--Cd2YJ"
                   data-testid="tag-component"
                   tabindex="-1"
              >
                <img alt="Icône de Tag 3"
                     loading="lazy"
                     width="12"
                     height="12"
                     decoding="async"
                     data-nimg="1"
                     class="src-components-Tag-Tag-module__icon--kRFOB"
                     srcset="/static/media/arrow.55ce8cbb.svg?w=16&amp;q=75 1x, /static/media/arrow.55ce8cbb.svg?w=32&amp;q=75 2x"
                     src="/static/media/arrow.55ce8cbb.svg?w=32&amp;q=75"
                     style="color: transparent;"
                >
                Tag 3
              </div>
            </li>
            <li>
              <div class="src-components-Tag-Tag-module__rootStyle--Cd2YJ"
                   data-testid="tag-component"
                   tabindex="-1"
              >
                <img alt="Icône de Tag 4"
                     loading="lazy"
                     width="12"
                     height="12"
                     decoding="async"
                     data-nimg="1"
                     class="src-components-Tag-Tag-module__icon--kRFOB"
                     srcset="/static/media/arrow.55ce8cbb.svg?w=16&amp;q=75 1x, /static/media/arrow.55ce8cbb.svg?w=32&amp;q=75 2x"
                     src="/static/media/arrow.55ce8cbb.svg?w=32&amp;q=75"
                     style="color: transparent;"
                >
                Tag 4
              </div>
            </li>
          </ul>
        </div>
      </li>
      <li>
        <div>
          <h3 class="src-widgets-StackCategory-StackCategory-module__name--XQSqW">
            Librairie 6
          </h3>
          <ul class="src-widgets-StackCategory-StackCategory-module__tags--XFK0O">
            <li>
              <div class="src-components-Tag-Tag-module__rootStyle--Cd2YJ"
                   data-testid="tag-component"
                   tabindex="-1"
              >
                <img alt="Icône de Tag 0"
                     loading="lazy"
                     width="12"
                     height="12"
                     decoding="async"
                     data-nimg="1"
                     class="src-components-Tag-Tag-module__icon--kRFOB"
                     srcset="/static/media/arrow.55ce8cbb.svg?w=16&amp;q=75 1x, /static/media/arrow.55ce8cbb.svg?w=32&amp;q=75 2x"
                     src="/static/media/arrow.55ce8cbb.svg?w=32&amp;q=75"
                     style="color: transparent;"
                >
                Tag 0
              </div>
            </li>
            <li>
              <div class="src-components-Tag-Tag-module__rootStyle--Cd2YJ"
                   data-testid="tag-component"
                   tabindex="-1"
              >
                <img alt="Icône de Tag 1"
                     loading="lazy"
                     width="12"
                     height="12"
                     decoding="async"
                     data-nimg="1"
                     class="src-components-Tag-Tag-module__icon--kRFOB"
                     srcset="/static/media/arrow.55ce8cbb.svg?w=16&amp;q=75 1x, /static/media/arrow.55ce8cbb.svg?w=32&amp;q=75 2x"
                     src="/static/media/arrow.55ce8cbb.svg?w=32&amp;q=75"
                     style="color: transparent;"
                >
                Tag 1
              </div>
            </li>
            <li>
              <div class="src-components-Tag-Tag-module__rootStyle--Cd2YJ"
                   data-testid="tag-component"
                   tabindex="-1"
              >
                <img alt="Icône de Tag 2"
                     loading="lazy"
                     width="12"
                     height="12"
                     decoding="async"
                     data-nimg="1"
                     class="src-components-Tag-Tag-module__icon--kRFOB"
                     srcset="/static/media/arrow.55ce8cbb.svg?w=16&amp;q=75 1x, /static/media/arrow.55ce8cbb.svg?w=32&amp;q=75 2x"
                     src="/static/media/arrow.55ce8cbb.svg?w=32&amp;q=75"
                     style="color: transparent;"
                >
                Tag 2
              </div>
            </li>
            <li>
              <div class="src-components-Tag-Tag-module__rootStyle--Cd2YJ"
                   data-testid="tag-component"
                   tabindex="-1"
              >
                <img alt="Icône de Tag 3"
                     loading="lazy"
                     width="12"
                     height="12"
                     decoding="async"
                     data-nimg="1"
                     class="src-components-Tag-Tag-module__icon--kRFOB"
                     srcset="/static/media/arrow.55ce8cbb.svg?w=16&amp;q=75 1x, /static/media/arrow.55ce8cbb.svg?w=32&amp;q=75 2x"
                     src="/static/media/arrow.55ce8cbb.svg?w=32&amp;q=75"
                     style="color: transparent;"
                >
                Tag 3
              </div>
            </li>
            <li>
              <div class="src-components-Tag-Tag-module__rootStyle--Cd2YJ"
                   data-testid="tag-component"
                   tabindex="-1"
              >
                <img alt="Icône de Tag 4"
                     loading="lazy"
                     width="12"
                     height="12"
                     decoding="async"
                     data-nimg="1"
                     class="src-components-Tag-Tag-module__icon--kRFOB"
                     srcset="/static/media/arrow.55ce8cbb.svg?w=16&amp;q=75 1x, /static/media/arrow.55ce8cbb.svg?w=32&amp;q=75 2x"
                     src="/static/media/arrow.55ce8cbb.svg?w=32&amp;q=75"
                     style="color: transparent;"
                >
                Tag 4
              </div>
            </li>
            <li>
              <div class="src-components-Tag-Tag-module__rootStyle--Cd2YJ"
                   data-testid="tag-component"
                   tabindex="-1"
              >
                <img alt="Icône de Tag 5"
                     loading="lazy"
                     width="12"
                     height="12"
                     decoding="async"
                     data-nimg="1"
                     class="src-components-Tag-Tag-module__icon--kRFOB"
                     srcset="/static/media/arrow.55ce8cbb.svg?w=16&amp;q=75 1x, /static/media/arrow.55ce8cbb.svg?w=32&amp;q=75 2x"
                     src="/static/media/arrow.55ce8cbb.svg?w=32&amp;q=75"
                     style="color: transparent;"
                >
                Tag 5
              </div>
            </li>
            <li>
              <div class="src-components-Tag-Tag-module__rootStyle--Cd2YJ"
                   data-testid="tag-component"
                   tabindex="-1"
              >
                <img alt="Icône de Tag 6"
                     loading="lazy"
                     width="12"
                     height="12"
                     decoding="async"
                     data-nimg="1"
                     class="src-components-Tag-Tag-module__icon--kRFOB"
                     srcset="/static/media/arrow.55ce8cbb.svg?w=16&amp;q=75 1x, /static/media/arrow.55ce8cbb.svg?w=32&amp;q=75 2x"
                     src="/static/media/arrow.55ce8cbb.svg?w=32&amp;q=75"
                     style="color: transparent;"
                >
                Tag 6
              </div>
            </li>
            <li>
              <div class="src-components-Tag-Tag-module__rootStyle--Cd2YJ"
                   data-testid="tag-component"
                   tabindex="-1"
              >
                <img alt="Icône de Tag 7"
                     loading="lazy"
                     width="12"
                     height="12"
                     decoding="async"
                     data-nimg="1"
                     class="src-components-Tag-Tag-module__icon--kRFOB"
                     srcset="/static/media/arrow.55ce8cbb.svg?w=16&amp;q=75 1x, /static/media/arrow.55ce8cbb.svg?w=32&amp;q=75 2x"
                     src="/static/media/arrow.55ce8cbb.svg?w=32&amp;q=75"
                     style="color: transparent;"
                >
                Tag 7
              </div>
            </li>
            <li>
              <div class="src-components-Tag-Tag-module__rootStyle--Cd2YJ"
                   data-testid="tag-component"
                   tabindex="-1"
              >
                <img alt="Icône de Tag 8"
                     loading="lazy"
                     width="12"
                     height="12"
                     decoding="async"
                     data-nimg="1"
                     class="src-components-Tag-Tag-module__icon--kRFOB"
                     srcset="/static/media/arrow.55ce8cbb.svg?w=16&amp;q=75 1x, /static/media/arrow.55ce8cbb.svg?w=32&amp;q=75 2x"
                     src="/static/media/arrow.55ce8cbb.svg?w=32&amp;q=75"
                     style="color: transparent;"
                >
                Tag 8
              </div>
            </li>
            <li>
              <div class="src-components-Tag-Tag-module__rootStyle--Cd2YJ"
                   data-testid="tag-component"
                   tabindex="-1"
              >
                <img alt="Icône de Tag 9"
                     loading="lazy"
                     width="12"
                     height="12"
                     decoding="async"
                     data-nimg="1"
                     class="src-components-Tag-Tag-module__icon--kRFOB"
                     srcset="/static/media/arrow.55ce8cbb.svg?w=16&amp;q=75 1x, /static/media/arrow.55ce8cbb.svg?w=32&amp;q=75 2x"
                     src="/static/media/arrow.55ce8cbb.svg?w=32&amp;q=75"
                     style="color: transparent;"
                >
                Tag 9
              </div>
            </li>
          </ul>
        </div>
      </li>
      <li>
        <div>
          <h3 class="src-widgets-StackCategory-StackCategory-module__name--XQSqW">
            Librairie 7
          </h3>
          <ul class="src-widgets-StackCategory-StackCategory-module__tags--XFK0O">
            <li>
              <div class="src-components-Tag-Tag-module__rootStyle--Cd2YJ"
                   data-testid="tag-component"
                   tabindex="-1"
              >
                <img alt="Icône de Tag 0"
                     loading="lazy"
                     width="12"
                     height="12"
                     decoding="async"
                     data-nimg="1"
                     class="src-components-Tag-Tag-module__icon--kRFOB"
                     srcset="/static/media/arrow.55ce8cbb.svg?w=16&amp;q=75 1x, /static/media/arrow.55ce8cbb.svg?w=32&amp;q=75 2x"
                     src="/static/media/arrow.55ce8cbb.svg?w=32&amp;q=75"
                     style="color: transparent;"
                >
                Tag 0
              </div>
            </li>
            <li>
              <div class="src-components-Tag-Tag-module__rootStyle--Cd2YJ"
                   data-testid="tag-component"
                   tabindex="-1"
              >
                <img alt="Icône de Tag 1"
                     loading="lazy"
                     width="12"
                     height="12"
                     decoding="async"
                     data-nimg="1"
                     class="src-components-Tag-Tag-module__icon--kRFOB"
                     srcset="/static/media/arrow.55ce8cbb.svg?w=16&amp;q=75 1x, /static/media/arrow.55ce8cbb.svg?w=32&amp;q=75 2x"
                     src="/static/media/arrow.55ce8cbb.svg?w=32&amp;q=75"
                     style="color: transparent;"
                >
                Tag 1
              </div>
            </li>
            <li>
              <div class="src-components-Tag-Tag-module__rootStyle--Cd2YJ"
                   data-testid="tag-component"
                   tabindex="-1"
              >
                <img alt="Icône de Tag 2"
                     loading="lazy"
                     width="12"
                     height="12"
                     decoding="async"
                     data-nimg="1"
                     class="src-components-Tag-Tag-module__icon--kRFOB"
                     srcset="/static/media/arrow.55ce8cbb.svg?w=16&amp;q=75 1x, /static/media/arrow.55ce8cbb.svg?w=32&amp;q=75 2x"
                     src="/static/media/arrow.55ce8cbb.svg?w=32&amp;q=75"
                     style="color: transparent;"
                >
                Tag 2
              </div>
            </li>
            <li>
              <div class="src-components-Tag-Tag-module__rootStyle--Cd2YJ"
                   data-testid="tag-component"
                   tabindex="-1"
              >
                <img alt="Icône de Tag 3"
                     loading="lazy"
                     width="12"
                     height="12"
                     decoding="async"
                     data-nimg="1"
                     class="src-components-Tag-Tag-module__icon--kRFOB"
                     srcset="/static/media/arrow.55ce8cbb.svg?w=16&amp;q=75 1x, /static/media/arrow.55ce8cbb.svg?w=32&amp;q=75 2x"
                     src="/static/media/arrow.55ce8cbb.svg?w=32&amp;q=75"
                     style="color: transparent;"
                >
                Tag 3
              </div>
            </li>
            <li>
              <div class="src-components-Tag-Tag-module__rootStyle--Cd2YJ"
                   data-testid="tag-component"
                   tabindex="-1"
              >
                <img alt="Icône de Tag 4"
                     loading="lazy"
                     width="12"
                     height="12"
                     decoding="async"
                     data-nimg="1"
                     class="src-components-Tag-Tag-module__icon--kRFOB"
                     srcset="/static/media/arrow.55ce8cbb.svg?w=16&amp;q=75 1x, /static/media/arrow.55ce8cbb.svg?w=32&amp;q=75 2x"
                     src="/static/media/arrow.55ce8cbb.svg?w=32&amp;q=75"
                     style="color: transparent;"
                >
                Tag 4
              </div>
            </li>
            <li>
              <div class="src-components-Tag-Tag-module__rootStyle--Cd2YJ"
                   data-testid="tag-component"
                   tabindex="-1"
              >
                <img alt="Icône de Tag 5"
                     loading="lazy"
                     width="12"
                     height="12"
                     decoding="async"
                     data-nimg="1"
                     class="src-components-Tag-Tag-module__icon--kRFOB"
                     srcset="/static/media/arrow.55ce8cbb.svg?w=16&amp;q=75 1x, /static/media/arrow.55ce8cbb.svg?w=32&amp;q=75 2x"
                     src="/static/media/arrow.55ce8cbb.svg?w=32&amp;q=75"
                     style="color: transparent;"
                >
                Tag 5
              </div>
            </li>
            <li>
              <div class="src-components-Tag-Tag-module__rootStyle--Cd2YJ"
                   data-testid="tag-component"
                   tabindex="-1"
              >
                <img alt="Icône de Tag 6"
                     loading="lazy"
                     width="12"
                     height="12"
                     decoding="async"
                     data-nimg="1"
                     class="src-components-Tag-Tag-module__icon--kRFOB"
                     srcset="/static/media/arrow.55ce8cbb.svg?w=16&amp;q=75 1x, /static/media/arrow.55ce8cbb.svg?w=32&amp;q=75 2x"
                     src="/static/media/arrow.55ce8cbb.svg?w=32&amp;q=75"
                     style="color: transparent;"
                >
                Tag 6
              </div>
            </li>
            <li>
              <div class="src-components-Tag-Tag-module__rootStyle--Cd2YJ"
                   data-testid="tag-component"
                   tabindex="-1"
              >
                <img alt="Icône de Tag 7"
                     loading="lazy"
                     width="12"
                     height="12"
                     decoding="async"
                     data-nimg="1"
                     class="src-components-Tag-Tag-module__icon--kRFOB"
                     srcset="/static/media/arrow.55ce8cbb.svg?w=16&amp;q=75 1x, /static/media/arrow.55ce8cbb.svg?w=32&amp;q=75 2x"
                     src="/static/media/arrow.55ce8cbb.svg?w=32&amp;q=75"
                     style="color: transparent;"
                >
                Tag 7
              </div>
            </li>
            <li>
              <div class="src-components-Tag-Tag-module__rootStyle--Cd2YJ"
                   data-testid="tag-component"
                   tabindex="-1"
              >
                <img alt="Icône de Tag 8"
                     loading="lazy"
                     width="12"
                     height="12"
                     decoding="async"
                     data-nimg="1"
                     class="src-components-Tag-Tag-module__icon--kRFOB"
                     srcset="/static/media/arrow.55ce8cbb.svg?w=16&amp;q=75 1x, /static/media/arrow.55ce8cbb.svg?w=32&amp;q=75 2x"
                     src="/static/media/arrow.55ce8cbb.svg?w=32&amp;q=75"
                     style="color: transparent;"
                >
                Tag 8
              </div>
            </li>
          </ul>
        </div>
      </li>
      <li>
        <div>
          <h3 class="src-widgets-StackCategory-StackCategory-module__name--XQSqW">
            Librairie 8
          </h3>
          <ul class="src-widgets-StackCategory-StackCategory-module__tags--XFK0O">
            <li>
              <div class="src-components-Tag-Tag-module__rootStyle--Cd2YJ"
                   data-testid="tag-component"
                   tabindex="-1"
              >
                <img alt="Icône de Tag 0"
                     loading="lazy"
                     width="12"
                     height="12"
                     decoding="async"
                     data-nimg="1"
                     class="src-components-Tag-Tag-module__icon--kRFOB"
                     srcset="/static/media/arrow.55ce8cbb.svg?w=16&amp;q=75 1x, /static/media/arrow.55ce8cbb.svg?w=32&amp;q=75 2x"
                     src="/static/media/arrow.55ce8cbb.svg?w=32&amp;q=75"
                     style="color: transparent;"
                >
                Tag 0
              </div>
            </li>
            <li>
              <div class="src-components-Tag-Tag-module__rootStyle--Cd2YJ"
                   data-testid="tag-component"
                   tabindex="-1"
              >
                <img alt="Icône de Tag 1"
                     loading="lazy"
                     width="12"
                     height="12"
                     decoding="async"
                     data-nimg="1"
                     class="src-components-Tag-Tag-module__icon--kRFOB"
                     srcset="/static/media/arrow.55ce8cbb.svg?w=16&amp;q=75 1x, /static/media/arrow.55ce8cbb.svg?w=32&amp;q=75 2x"
                     src="/static/media/arrow.55ce8cbb.svg?w=32&amp;q=75"
                     style="color: transparent;"
                >
                Tag 1
              </div>
            </li>
          </ul>
        </div>
      </li>
      <li>
        <div>
          <h3 class="src-widgets-StackCategory-StackCategory-module__name--XQSqW">
            Librairie 9
          </h3>
          <ul class="src-widgets-StackCategory-StackCategory-module__tags--XFK0O">
            <li>
              <div class="src-components-Tag-Tag-module__rootStyle--Cd2YJ"
                   data-testid="tag-component"
                   tabindex="-1"
              >
                <img alt="Icône de Tag 0"
                     loading="lazy"
                     width="12"
                     height="12"
                     decoding="async"
                     data-nimg="1"
                     class="src-components-Tag-Tag-module__icon--kRFOB"
                     srcset="/static/media/arrow.55ce8cbb.svg?w=16&amp;q=75 1x, /static/media/arrow.55ce8cbb.svg?w=32&amp;q=75 2x"
                     src="/static/media/arrow.55ce8cbb.svg?w=32&amp;q=75"
                     style="color: transparent;"
                >
                Tag 0
              </div>
            </li>
            <li>
              <div class="src-components-Tag-Tag-module__rootStyle--Cd2YJ"
                   data-testid="tag-component"
                   tabindex="-1"
              >
                <img alt="Icône de Tag 1"
                     loading="lazy"
                     width="12"
                     height="12"
                     decoding="async"
                     data-nimg="1"
                     class="src-components-Tag-Tag-module__icon--kRFOB"
                     srcset="/static/media/arrow.55ce8cbb.svg?w=16&amp;q=75 1x, /static/media/arrow.55ce8cbb.svg?w=32&amp;q=75 2x"
                     src="/static/media/arrow.55ce8cbb.svg?w=32&amp;q=75"
                     style="color: transparent;"
                >
                Tag 1
              </div>
            </li>
            <li>
              <div class="src-components-Tag-Tag-module__rootStyle--Cd2YJ"
                   data-testid="tag-component"
                   tabindex="-1"
              >
                <img alt="Icône de Tag 2"
                     loading="lazy"
                     width="12"
                     height="12"
                     decoding="async"
                     data-nimg="1"
                     class="src-components-Tag-Tag-module__icon--kRFOB"
                     srcset="/static/media/arrow.55ce8cbb.svg?w=16&amp;q=75 1x, /static/media/arrow.55ce8cbb.svg?w=32&amp;q=75 2x"
                     src="/static/media/arrow.55ce8cbb.svg?w=32&amp;q=75"
                     style="color: transparent;"
                >
                Tag 2
              </div>
            </li>
          </ul>
        </div>
      </li>
    </ul>
  </div>
</main>
`;

exports[`Widgets/StackOverview CategoryLonger smoke-test 1`] = `
<main class="inter-normal">
  <div>
    <h2 class="src-widgets-StackOverview-StackOverview-module__name--c2HKe">
      Front-end
    </h2>
    <ul class="src-widgets-StackOverview-StackOverview-module__stackCategory--zHtd8">
      <li>
        <div>
          <h3 class="src-widgets-StackCategory-StackCategory-module__name--XQSqW">
            Quis est dolore magna fugiat laborum eiusmod in exercitation labore consectetur sit fugiat.
          </h3>
          <ul class="src-widgets-StackCategory-StackCategory-module__tags--XFK0O">
            <li>
              <div class="src-components-Tag-Tag-module__rootStyle--Cd2YJ"
                   data-testid="tag-component"
                   tabindex="-1"
              >
                <img alt="Icône de React"
                     loading="lazy"
                     width="12"
                     height="12"
                     decoding="async"
                     data-nimg="1"
                     class="src-components-Tag-Tag-module__icon--kRFOB"
                     srcset="/static/media/arrow.55ce8cbb.svg?w=16&amp;q=75 1x, /static/media/arrow.55ce8cbb.svg?w=32&amp;q=75 2x"
                     src="/static/media/arrow.55ce8cbb.svg?w=32&amp;q=75"
                     style="color: transparent;"
                >
                React
              </div>
            </li>
          </ul>
        </div>
      </li>
      <li>
        <div>
          <h3 class="src-widgets-StackCategory-StackCategory-module__name--XQSqW">
            Librairie 0
          </h3>
          <ul class="src-widgets-StackCategory-StackCategory-module__tags--XFK0O">
            <li>
              <div class="src-components-Tag-Tag-module__rootStyle--Cd2YJ"
                   data-testid="tag-component"
                   tabindex="-1"
              >
                <img alt="Icône de Tag 0"
                     loading="lazy"
                     width="12"
                     height="12"
                     decoding="async"
                     data-nimg="1"
                     class="src-components-Tag-Tag-module__icon--kRFOB"
                     srcset="/static/media/arrow.55ce8cbb.svg?w=16&amp;q=75 1x, /static/media/arrow.55ce8cbb.svg?w=32&amp;q=75 2x"
                     src="/static/media/arrow.55ce8cbb.svg?w=32&amp;q=75"
                     style="color: transparent;"
                >
                Tag 0
              </div>
            </li>
            <li>
              <div class="src-components-Tag-Tag-module__rootStyle--Cd2YJ"
                   data-testid="tag-component"
                   tabindex="-1"
              >
                <img alt="Icône de Tag 1"
                     loading="lazy"
                     width="12"
                     height="12"
                     decoding="async"
                     data-nimg="1"
                     class="src-components-Tag-Tag-module__icon--kRFOB"
                     srcset="/static/media/arrow.55ce8cbb.svg?w=16&amp;q=75 1x, /static/media/arrow.55ce8cbb.svg?w=32&amp;q=75 2x"
                     src="/static/media/arrow.55ce8cbb.svg?w=32&amp;q=75"
                     style="color: transparent;"
                >
                Tag 1
              </div>
            </li>
          </ul>
        </div>
      </li>
    </ul>
  </div>
</main>
`;

exports[`Widgets/StackOverview Playground smoke-test 1`] = `
<main class="inter-normal">
  <div>
    <h2 class="src-widgets-StackOverview-StackOverview-module__name--c2HKe">
      Front-end
    </h2>
    <ul class="src-widgets-StackOverview-StackOverview-module__stackCategory--zHtd8">
      <li>
        <div>
          <h3 class="src-widgets-StackCategory-StackCategory-module__name--XQSqW">
            Librairie 0
          </h3>
          <ul class="src-widgets-StackCategory-StackCategory-module__tags--XFK0O">
            <li>
              <div class="src-components-Tag-Tag-module__rootStyle--Cd2YJ"
                   data-testid="tag-component"
                   tabindex="-1"
              >
                <img alt="Icône de Tag 0"
                     loading="lazy"
                     width="12"
                     height="12"
                     decoding="async"
                     data-nimg="1"
                     class="src-components-Tag-Tag-module__icon--kRFOB"
                     srcset="/static/media/arrow.55ce8cbb.svg?w=16&amp;q=75 1x, /static/media/arrow.55ce8cbb.svg?w=32&amp;q=75 2x"
                     src="/static/media/arrow.55ce8cbb.svg?w=32&amp;q=75"
                     style="color: transparent;"
                >
                Tag 0
              </div>
            </li>
            <li>
              <div class="src-components-Tag-Tag-module__rootStyle--Cd2YJ"
                   data-testid="tag-component"
                   tabindex="-1"
              >
                <img alt="Icône de Tag 1"
                     loading="lazy"
                     width="12"
                     height="12"
                     decoding="async"
                     data-nimg="1"
                     class="src-components-Tag-Tag-module__icon--kRFOB"
                     srcset="/static/media/arrow.55ce8cbb.svg?w=16&amp;q=75 1x, /static/media/arrow.55ce8cbb.svg?w=32&amp;q=75 2x"
                     src="/static/media/arrow.55ce8cbb.svg?w=32&amp;q=75"
                     style="color: transparent;"
                >
                Tag 1
              </div>
            </li>
          </ul>
        </div>
      </li>
      <li>
        <div>
          <h3 class="src-widgets-StackCategory-StackCategory-module__name--XQSqW">
            Librairie 1
          </h3>
          <ul class="src-widgets-StackCategory-StackCategory-module__tags--XFK0O">
            <li>
              <div class="src-components-Tag-Tag-module__rootStyle--Cd2YJ"
                   data-testid="tag-component"
                   tabindex="-1"
              >
                <img alt="Icône de Tag 0"
                     loading="lazy"
                     width="12"
                     height="12"
                     decoding="async"
                     data-nimg="1"
                     class="src-components-Tag-Tag-module__icon--kRFOB"
                     srcset="/static/media/arrow.55ce8cbb.svg?w=16&amp;q=75 1x, /static/media/arrow.55ce8cbb.svg?w=32&amp;q=75 2x"
                     src="/static/media/arrow.55ce8cbb.svg?w=32&amp;q=75"
                     style="color: transparent;"
                >
                Tag 0
              </div>
            </li>
            <li>
              <div class="src-components-Tag-Tag-module__rootStyle--Cd2YJ"
                   data-testid="tag-component"
                   tabindex="-1"
              >
                <img alt="Icône de Tag 1"
                     loading="lazy"
                     width="12"
                     height="12"
                     decoding="async"
                     data-nimg="1"
                     class="src-components-Tag-Tag-module__icon--kRFOB"
                     srcset="/static/media/arrow.55ce8cbb.svg?w=16&amp;q=75 1x, /static/media/arrow.55ce8cbb.svg?w=32&amp;q=75 2x"
                     src="/static/media/arrow.55ce8cbb.svg?w=32&amp;q=75"
                     style="color: transparent;"
                >
                Tag 1
              </div>
            </li>
            <li>
              <div class="src-components-Tag-Tag-module__rootStyle--Cd2YJ"
                   data-testid="tag-component"
                   tabindex="-1"
              >
                <img alt="Icône de Tag 2"
                     loading="lazy"
                     width="12"
                     height="12"
                     decoding="async"
                     data-nimg="1"
                     class="src-components-Tag-Tag-module__icon--kRFOB"
                     srcset="/static/media/arrow.55ce8cbb.svg?w=16&amp;q=75 1x, /static/media/arrow.55ce8cbb.svg?w=32&amp;q=75 2x"
                     src="/static/media/arrow.55ce8cbb.svg?w=32&amp;q=75"
                     style="color: transparent;"
                >
                Tag 2
              </div>
            </li>
          </ul>
        </div>
      </li>
    </ul>
  </div>
</main>
`;

exports[`Widgets/StackOverview WithLongName smoke-test 1`] = `
<main class="inter-normal">
  <div>
    <h2 class="src-widgets-StackOverview-StackOverview-module__name--c2HKe">
      Duis adipisicing ipsum in exercitation ut tempor voluptate eiusmod adipisicing.
    </h2>
    <ul class="src-widgets-StackOverview-StackOverview-module__stackCategory--zHtd8">
      <li>
        <div>
          <h3 class="src-widgets-StackCategory-StackCategory-module__name--XQSqW">
            Librairie 0
          </h3>
          <ul class="src-widgets-StackCategory-StackCategory-module__tags--XFK0O">
            <li>
              <div class="src-components-Tag-Tag-module__rootStyle--Cd2YJ"
                   data-testid="tag-component"
                   tabindex="-1"
              >
                <img alt="Icône de Tag 0"
                     loading="lazy"
                     width="12"
                     height="12"
                     decoding="async"
                     data-nimg="1"
                     class="src-components-Tag-Tag-module__icon--kRFOB"
                     srcset="/static/media/arrow.55ce8cbb.svg?w=16&amp;q=75 1x, /static/media/arrow.55ce8cbb.svg?w=32&amp;q=75 2x"
                     src="/static/media/arrow.55ce8cbb.svg?w=32&amp;q=75"
                     style="color: transparent;"
                >
                Tag 0
              </div>
            </li>
            <li>
              <div class="src-components-Tag-Tag-module__rootStyle--Cd2YJ"
                   data-testid="tag-component"
                   tabindex="-1"
              >
                <img alt="Icône de Tag 1"
                     loading="lazy"
                     width="12"
                     height="12"
                     decoding="async"
                     data-nimg="1"
                     class="src-components-Tag-Tag-module__icon--kRFOB"
                     srcset="/static/media/arrow.55ce8cbb.svg?w=16&amp;q=75 1x, /static/media/arrow.55ce8cbb.svg?w=32&amp;q=75 2x"
                     src="/static/media/arrow.55ce8cbb.svg?w=32&amp;q=75"
                     style="color: transparent;"
                >
                Tag 1
              </div>
            </li>
          </ul>
        </div>
      </li>
      <li>
        <div>
          <h3 class="src-widgets-StackCategory-StackCategory-module__name--XQSqW">
            Librairie 1
          </h3>
          <ul class="src-widgets-StackCategory-StackCategory-module__tags--XFK0O">
            <li>
              <div class="src-components-Tag-Tag-module__rootStyle--Cd2YJ"
                   data-testid="tag-component"
                   tabindex="-1"
              >
                <img alt="Icône de Tag 0"
                     loading="lazy"
                     width="12"
                     height="12"
                     decoding="async"
                     data-nimg="1"
                     class="src-components-Tag-Tag-module__icon--kRFOB"
                     srcset="/static/media/arrow.55ce8cbb.svg?w=16&amp;q=75 1x, /static/media/arrow.55ce8cbb.svg?w=32&amp;q=75 2x"
                     src="/static/media/arrow.55ce8cbb.svg?w=32&amp;q=75"
                     style="color: transparent;"
                >
                Tag 0
              </div>
            </li>
            <li>
              <div class="src-components-Tag-Tag-module__rootStyle--Cd2YJ"
                   data-testid="tag-component"
                   tabindex="-1"
              >
                <img alt="Icône de Tag 1"
                     loading="lazy"
                     width="12"
                     height="12"
                     decoding="async"
                     data-nimg="1"
                     class="src-components-Tag-Tag-module__icon--kRFOB"
                     srcset="/static/media/arrow.55ce8cbb.svg?w=16&amp;q=75 1x, /static/media/arrow.55ce8cbb.svg?w=32&amp;q=75 2x"
                     src="/static/media/arrow.55ce8cbb.svg?w=32&amp;q=75"
                     style="color: transparent;"
                >
                Tag 1
              </div>
            </li>
            <li>
              <div class="src-components-Tag-Tag-module__rootStyle--Cd2YJ"
                   data-testid="tag-component"
                   tabindex="-1"
              >
                <img alt="Icône de Tag 2"
                     loading="lazy"
                     width="12"
                     height="12"
                     decoding="async"
                     data-nimg="1"
                     class="src-components-Tag-Tag-module__icon--kRFOB"
                     srcset="/static/media/arrow.55ce8cbb.svg?w=16&amp;q=75 1x, /static/media/arrow.55ce8cbb.svg?w=32&amp;q=75 2x"
                     src="/static/media/arrow.55ce8cbb.svg?w=32&amp;q=75"
                     style="color: transparent;"
                >
                Tag 2
              </div>
            </li>
          </ul>
        </div>
      </li>
    </ul>
  </div>
</main>
`;
