// Jest Snapshot v1, https://goo.gl/fbAQLP

exports[`Widgets/StackList _1Overview smoke-test 1`] = `
<main class="inter-normal">
  <div class="src-widgets-StackList-StackList-module__separatorContainer--NrsDC">
    <hr class="src-components-Separator-Separator-module__root--N5eOl"
        data-testid="separator-component"
        style="--separator-text: &quot;Stack&quot;;"
    >
  </div>
  <ul class="src-widgets-StackList-StackList-module__stackList--iHUsE">
    <li>
      <h2 class="src-widgets-StackOverview-StackOverview-module__name--c2HKe">
        Front-end
      </h2>
      <ul class="src-widgets-StackOverview-StackOverview-module__stackCategory--zHtd8">
        <li>
          <h3 class="src-widgets-StackCategory-StackCategory-module__name--XQSqW">
            Librairie 1
          </h3>
          <ul class="src-widgets-StackCategory-StackCategory-module__tags--XFK0O">
            <li>
              <div class="src-components-Tag-Tag-module__rootStyle--Cd2YJ"
                   data-testid="tag-component"
                   tabindex="-1"
              >
                <img alt="Icône de React"
                     loading="lazy"
                     width="12"
                     height="12"
                     decoding="async"
                     data-nimg="1"
                     class="src-components-Tag-Tag-module__icon--kRFOB"
                     srcset="/static/media/arrow.55ce8cbb.svg?w=16&amp;q=75 1x, /static/media/arrow.55ce8cbb.svg?w=32&amp;q=75 2x"
                     src="/static/media/arrow.55ce8cbb.svg?w=32&amp;q=75"
                     style="color: transparent;"
                >
                React
              </div>
            </li>
            <li>
              <div class="src-components-Tag-Tag-module__rootStyle--Cd2YJ"
                   data-testid="tag-component"
                   tabindex="-1"
              >
                <img alt="Icône de TypeScript"
                     loading="lazy"
                     width="12"
                     height="12"
                     decoding="async"
                     data-nimg="1"
                     class="src-components-Tag-Tag-module__icon--kRFOB"
                     srcset="/static/media/arrow.55ce8cbb.svg?w=16&amp;q=75 1x, /static/media/arrow.55ce8cbb.svg?w=32&amp;q=75 2x"
                     src="/static/media/arrow.55ce8cbb.svg?w=32&amp;q=75"
                     style="color: transparent;"
                >
                TypeScript
              </div>
            </li>
          </ul>
        </li>
      </ul>
    </li>
  </ul>
</main>
`;

exports[`Widgets/StackList _2Overviews smoke-test 1`] = `
<main class="inter-normal">
  <div class="src-widgets-StackList-StackList-module__separatorContainer--NrsDC">
    <hr class="src-components-Separator-Separator-module__root--N5eOl"
        data-testid="separator-component"
        style="--separator-text: &quot;Stack&quot;;"
    >
  </div>
  <ul class="src-widgets-StackList-StackList-module__stackList--iHUsE">
    <li>
      <h2 class="src-widgets-StackOverview-StackOverview-module__name--c2HKe">
        Front-end
      </h2>
      <ul class="src-widgets-StackOverview-StackOverview-module__stackCategory--zHtd8">
        <li>
          <h3 class="src-widgets-StackCategory-StackCategory-module__name--XQSqW">
            Librairie 1
          </h3>
          <ul class="src-widgets-StackCategory-StackCategory-module__tags--XFK0O">
            <li>
              <div class="src-components-Tag-Tag-module__rootStyle--Cd2YJ"
                   data-testid="tag-component"
                   tabindex="-1"
              >
                <img alt="Icône de React"
                     loading="lazy"
                     width="12"
                     height="12"
                     decoding="async"
                     data-nimg="1"
                     class="src-components-Tag-Tag-module__icon--kRFOB"
                     srcset="/static/media/arrow.55ce8cbb.svg?w=16&amp;q=75 1x, /static/media/arrow.55ce8cbb.svg?w=32&amp;q=75 2x"
                     src="/static/media/arrow.55ce8cbb.svg?w=32&amp;q=75"
                     style="color: transparent;"
                >
                React
              </div>
            </li>
            <li>
              <div class="src-components-Tag-Tag-module__rootStyle--Cd2YJ"
                   data-testid="tag-component"
                   tabindex="-1"
              >
                <img alt="Icône de TypeScript"
                     loading="lazy"
                     width="12"
                     height="12"
                     decoding="async"
                     data-nimg="1"
                     class="src-components-Tag-Tag-module__icon--kRFOB"
                     srcset="/static/media/arrow.55ce8cbb.svg?w=16&amp;q=75 1x, /static/media/arrow.55ce8cbb.svg?w=32&amp;q=75 2x"
                     src="/static/media/arrow.55ce8cbb.svg?w=32&amp;q=75"
                     style="color: transparent;"
                >
                TypeScript
              </div>
            </li>
          </ul>
        </li>
      </ul>
    </li>
    <li>
      <h2 class="src-widgets-StackOverview-StackOverview-module__name--c2HKe">
        Back-end
      </h2>
      <ul class="src-widgets-StackOverview-StackOverview-module__stackCategory--zHtd8">
        <li>
          <h3 class="src-widgets-StackCategory-StackCategory-module__name--XQSqW">
            Librairie 2
          </h3>
          <ul class="src-widgets-StackCategory-StackCategory-module__tags--XFK0O">
            <li>
              <div class="src-components-Tag-Tag-module__rootStyle--Cd2YJ"
                   data-testid="tag-component"
                   tabindex="-1"
              >
                <img alt="Icône de Redux"
                     loading="lazy"
                     width="12"
                     height="12"
                     decoding="async"
                     data-nimg="1"
                     class="src-components-Tag-Tag-module__icon--kRFOB"
                     srcset="/static/media/arrow.55ce8cbb.svg?w=16&amp;q=75 1x, /static/media/arrow.55ce8cbb.svg?w=32&amp;q=75 2x"
                     src="/static/media/arrow.55ce8cbb.svg?w=32&amp;q=75"
                     style="color: transparent;"
                >
                Redux
              </div>
            </li>
            <li>
              <div class="src-components-Tag-Tag-module__rootStyle--Cd2YJ"
                   data-testid="tag-component"
                   tabindex="-1"
              >
                <img alt="Icône de Jest"
                     loading="lazy"
                     width="12"
                     height="12"
                     decoding="async"
                     data-nimg="1"
                     class="src-components-Tag-Tag-module__icon--kRFOB"
                     srcset="/static/media/arrow.55ce8cbb.svg?w=16&amp;q=75 1x, /static/media/arrow.55ce8cbb.svg?w=32&amp;q=75 2x"
                     src="/static/media/arrow.55ce8cbb.svg?w=32&amp;q=75"
                     style="color: transparent;"
                >
                Jest
              </div>
            </li>
            <li>
              <div class="src-components-Tag-Tag-module__rootStyle--Cd2YJ"
                   data-testid="tag-component"
                   tabindex="-1"
              >
                <img alt="Icône de Testing Library"
                     loading="lazy"
                     width="12"
                     height="12"
                     decoding="async"
                     data-nimg="1"
                     class="src-components-Tag-Tag-module__icon--kRFOB"
                     srcset="/static/media/arrow.55ce8cbb.svg?w=16&amp;q=75 1x, /static/media/arrow.55ce8cbb.svg?w=32&amp;q=75 2x"
                     src="/static/media/arrow.55ce8cbb.svg?w=32&amp;q=75"
                     style="color: transparent;"
                >
                Testing Library
              </div>
            </li>
          </ul>
        </li>
      </ul>
    </li>
  </ul>
</main>
`;

exports[`Widgets/StackList _3Overviews smoke-test 1`] = `
<main class="inter-normal">
  <div class="src-widgets-StackList-StackList-module__separatorContainer--NrsDC">
    <hr class="src-components-Separator-Separator-module__root--N5eOl"
        data-testid="separator-component"
        style="--separator-text: &quot;Stack&quot;;"
    >
  </div>
  <ul class="src-widgets-StackList-StackList-module__stackList--iHUsE">
    <li>
      <h2 class="src-widgets-StackOverview-StackOverview-module__name--c2HKe">
        Front-end
      </h2>
      <ul class="src-widgets-StackOverview-StackOverview-module__stackCategory--zHtd8">
        <li>
          <h3 class="src-widgets-StackCategory-StackCategory-module__name--XQSqW">
            Librairie 1
          </h3>
          <ul class="src-widgets-StackCategory-StackCategory-module__tags--XFK0O">
            <li>
              <div class="src-components-Tag-Tag-module__rootStyle--Cd2YJ"
                   data-testid="tag-component"
                   tabindex="-1"
              >
                <img alt="Icône de React"
                     loading="lazy"
                     width="12"
                     height="12"
                     decoding="async"
                     data-nimg="1"
                     class="src-components-Tag-Tag-module__icon--kRFOB"
                     srcset="/static/media/arrow.55ce8cbb.svg?w=16&amp;q=75 1x, /static/media/arrow.55ce8cbb.svg?w=32&amp;q=75 2x"
                     src="/static/media/arrow.55ce8cbb.svg?w=32&amp;q=75"
                     style="color: transparent;"
                >
                React
              </div>
            </li>
            <li>
              <div class="src-components-Tag-Tag-module__rootStyle--Cd2YJ"
                   data-testid="tag-component"
                   tabindex="-1"
              >
                <img alt="Icône de TypeScript"
                     loading="lazy"
                     width="12"
                     height="12"
                     decoding="async"
                     data-nimg="1"
                     class="src-components-Tag-Tag-module__icon--kRFOB"
                     srcset="/static/media/arrow.55ce8cbb.svg?w=16&amp;q=75 1x, /static/media/arrow.55ce8cbb.svg?w=32&amp;q=75 2x"
                     src="/static/media/arrow.55ce8cbb.svg?w=32&amp;q=75"
                     style="color: transparent;"
                >
                TypeScript
              </div>
            </li>
          </ul>
        </li>
      </ul>
    </li>
    <li>
      <h2 class="src-widgets-StackOverview-StackOverview-module__name--c2HKe">
        Back-end
      </h2>
      <ul class="src-widgets-StackOverview-StackOverview-module__stackCategory--zHtd8">
        <li>
          <h3 class="src-widgets-StackCategory-StackCategory-module__name--XQSqW">
            Librairie 2
          </h3>
          <ul class="src-widgets-StackCategory-StackCategory-module__tags--XFK0O">
            <li>
              <div class="src-components-Tag-Tag-module__rootStyle--Cd2YJ"
                   data-testid="tag-component"
                   tabindex="-1"
              >
                <img alt="Icône de Redux"
                     loading="lazy"
                     width="12"
                     height="12"
                     decoding="async"
                     data-nimg="1"
                     class="src-components-Tag-Tag-module__icon--kRFOB"
                     srcset="/static/media/arrow.55ce8cbb.svg?w=16&amp;q=75 1x, /static/media/arrow.55ce8cbb.svg?w=32&amp;q=75 2x"
                     src="/static/media/arrow.55ce8cbb.svg?w=32&amp;q=75"
                     style="color: transparent;"
                >
                Redux
              </div>
            </li>
            <li>
              <div class="src-components-Tag-Tag-module__rootStyle--Cd2YJ"
                   data-testid="tag-component"
                   tabindex="-1"
              >
                <img alt="Icône de Jest"
                     loading="lazy"
                     width="12"
                     height="12"
                     decoding="async"
                     data-nimg="1"
                     class="src-components-Tag-Tag-module__icon--kRFOB"
                     srcset="/static/media/arrow.55ce8cbb.svg?w=16&amp;q=75 1x, /static/media/arrow.55ce8cbb.svg?w=32&amp;q=75 2x"
                     src="/static/media/arrow.55ce8cbb.svg?w=32&amp;q=75"
                     style="color: transparent;"
                >
                Jest
              </div>
            </li>
            <li>
              <div class="src-components-Tag-Tag-module__rootStyle--Cd2YJ"
                   data-testid="tag-component"
                   tabindex="-1"
              >
                <img alt="Icône de Testing Library"
                     loading="lazy"
                     width="12"
                     height="12"
                     decoding="async"
                     data-nimg="1"
                     class="src-components-Tag-Tag-module__icon--kRFOB"
                     srcset="/static/media/arrow.55ce8cbb.svg?w=16&amp;q=75 1x, /static/media/arrow.55ce8cbb.svg?w=32&amp;q=75 2x"
                     src="/static/media/arrow.55ce8cbb.svg?w=32&amp;q=75"
                     style="color: transparent;"
                >
                Testing Library
              </div>
            </li>
          </ul>
        </li>
      </ul>
    </li>
    <li>
      <h2 class="src-widgets-StackOverview-StackOverview-module__name--c2HKe">
        Mobile
      </h2>
      <ul class="src-widgets-StackOverview-StackOverview-module__stackCategory--zHtd8">
        <li>
          <h3 class="src-widgets-StackCategory-StackCategory-module__name--XQSqW">
            Librairie 3
          </h3>
          <ul class="src-widgets-StackCategory-StackCategory-module__tags--XFK0O">
            <li>
              <div class="src-components-Tag-Tag-module__rootStyle--Cd2YJ"
                   data-testid="tag-component"
                   tabindex="-1"
              >
                <img alt="Icône de React Native"
                     loading="lazy"
                     width="12"
                     height="12"
                     decoding="async"
                     data-nimg="1"
                     class="src-components-Tag-Tag-module__icon--kRFOB"
                     srcset="/static/media/arrow.55ce8cbb.svg?w=16&amp;q=75 1x, /static/media/arrow.55ce8cbb.svg?w=32&amp;q=75 2x"
                     src="/static/media/arrow.55ce8cbb.svg?w=32&amp;q=75"
                     style="color: transparent;"
                >
                React Native
              </div>
            </li>
            <li>
              <div class="src-components-Tag-Tag-module__rootStyle--Cd2YJ"
                   data-testid="tag-component"
                   tabindex="-1"
              >
                <img alt="Icône de TypeScript"
                     loading="lazy"
                     width="12"
                     height="12"
                     decoding="async"
                     data-nimg="1"
                     class="src-components-Tag-Tag-module__icon--kRFOB"
                     srcset="/static/media/arrow.55ce8cbb.svg?w=16&amp;q=75 1x, /static/media/arrow.55ce8cbb.svg?w=32&amp;q=75 2x"
                     src="/static/media/arrow.55ce8cbb.svg?w=32&amp;q=75"
                     style="color: transparent;"
                >
                TypeScript
              </div>
            </li>
          </ul>
        </li>
      </ul>
    </li>
  </ul>
</main>
`;

exports[`Widgets/StackList _4Overviews smoke-test 1`] = `
<main class="inter-normal">
  <div class="src-widgets-StackList-StackList-module__separatorContainer--NrsDC">
    <hr class="src-components-Separator-Separator-module__root--N5eOl"
        data-testid="separator-component"
        style="--separator-text: &quot;Stack&quot;;"
    >
  </div>
  <ul class="src-widgets-StackList-StackList-module__stackList--iHUsE">
    <li>
      <h2 class="src-widgets-StackOverview-StackOverview-module__name--c2HKe">
        Front-end
      </h2>
      <ul class="src-widgets-StackOverview-StackOverview-module__stackCategory--zHtd8">
        <li>
          <h3 class="src-widgets-StackCategory-StackCategory-module__name--XQSqW">
            Librairie 1
          </h3>
          <ul class="src-widgets-StackCategory-StackCategory-module__tags--XFK0O">
            <li>
              <div class="src-components-Tag-Tag-module__rootStyle--Cd2YJ"
                   data-testid="tag-component"
                   tabindex="-1"
              >
                <img alt="Icône de React"
                     loading="lazy"
                     width="12"
                     height="12"
                     decoding="async"
                     data-nimg="1"
                     class="src-components-Tag-Tag-module__icon--kRFOB"
                     srcset="/static/media/arrow.55ce8cbb.svg?w=16&amp;q=75 1x, /static/media/arrow.55ce8cbb.svg?w=32&amp;q=75 2x"
                     src="/static/media/arrow.55ce8cbb.svg?w=32&amp;q=75"
                     style="color: transparent;"
                >
                React
              </div>
            </li>
            <li>
              <div class="src-components-Tag-Tag-module__rootStyle--Cd2YJ"
                   data-testid="tag-component"
                   tabindex="-1"
              >
                <img alt="Icône de TypeScript"
                     loading="lazy"
                     width="12"
                     height="12"
                     decoding="async"
                     data-nimg="1"
                     class="src-components-Tag-Tag-module__icon--kRFOB"
                     srcset="/static/media/arrow.55ce8cbb.svg?w=16&amp;q=75 1x, /static/media/arrow.55ce8cbb.svg?w=32&amp;q=75 2x"
                     src="/static/media/arrow.55ce8cbb.svg?w=32&amp;q=75"
                     style="color: transparent;"
                >
                TypeScript
              </div>
            </li>
          </ul>
        </li>
      </ul>
    </li>
    <li>
      <h2 class="src-widgets-StackOverview-StackOverview-module__name--c2HKe">
        Back-end
      </h2>
      <ul class="src-widgets-StackOverview-StackOverview-module__stackCategory--zHtd8">
        <li>
          <h3 class="src-widgets-StackCategory-StackCategory-module__name--XQSqW">
            Librairie 2
          </h3>
          <ul class="src-widgets-StackCategory-StackCategory-module__tags--XFK0O">
            <li>
              <div class="src-components-Tag-Tag-module__rootStyle--Cd2YJ"
                   data-testid="tag-component"
                   tabindex="-1"
              >
                <img alt="Icône de Redux"
                     loading="lazy"
                     width="12"
                     height="12"
                     decoding="async"
                     data-nimg="1"
                     class="src-components-Tag-Tag-module__icon--kRFOB"
                     srcset="/static/media/arrow.55ce8cbb.svg?w=16&amp;q=75 1x, /static/media/arrow.55ce8cbb.svg?w=32&amp;q=75 2x"
                     src="/static/media/arrow.55ce8cbb.svg?w=32&amp;q=75"
                     style="color: transparent;"
                >
                Redux
              </div>
            </li>
            <li>
              <div class="src-components-Tag-Tag-module__rootStyle--Cd2YJ"
                   data-testid="tag-component"
                   tabindex="-1"
              >
                <img alt="Icône de Jest"
                     loading="lazy"
                     width="12"
                     height="12"
                     decoding="async"
                     data-nimg="1"
                     class="src-components-Tag-Tag-module__icon--kRFOB"
                     srcset="/static/media/arrow.55ce8cbb.svg?w=16&amp;q=75 1x, /static/media/arrow.55ce8cbb.svg?w=32&amp;q=75 2x"
                     src="/static/media/arrow.55ce8cbb.svg?w=32&amp;q=75"
                     style="color: transparent;"
                >
                Jest
              </div>
            </li>
            <li>
              <div class="src-components-Tag-Tag-module__rootStyle--Cd2YJ"
                   data-testid="tag-component"
                   tabindex="-1"
              >
                <img alt="Icône de Testing Library"
                     loading="lazy"
                     width="12"
                     height="12"
                     decoding="async"
                     data-nimg="1"
                     class="src-components-Tag-Tag-module__icon--kRFOB"
                     srcset="/static/media/arrow.55ce8cbb.svg?w=16&amp;q=75 1x, /static/media/arrow.55ce8cbb.svg?w=32&amp;q=75 2x"
                     src="/static/media/arrow.55ce8cbb.svg?w=32&amp;q=75"
                     style="color: transparent;"
                >
                Testing Library
              </div>
            </li>
          </ul>
        </li>
      </ul>
    </li>
    <li>
      <h2 class="src-widgets-StackOverview-StackOverview-module__name--c2HKe">
        Mobile
      </h2>
      <ul class="src-widgets-StackOverview-StackOverview-module__stackCategory--zHtd8">
        <li>
          <h3 class="src-widgets-StackCategory-StackCategory-module__name--XQSqW">
            Librairie 3
          </h3>
          <ul class="src-widgets-StackCategory-StackCategory-module__tags--XFK0O">
            <li>
              <div class="src-components-Tag-Tag-module__rootStyle--Cd2YJ"
                   data-testid="tag-component"
                   tabindex="-1"
              >
                <img alt="Icône de React Native"
                     loading="lazy"
                     width="12"
                     height="12"
                     decoding="async"
                     data-nimg="1"
                     class="src-components-Tag-Tag-module__icon--kRFOB"
                     srcset="/static/media/arrow.55ce8cbb.svg?w=16&amp;q=75 1x, /static/media/arrow.55ce8cbb.svg?w=32&amp;q=75 2x"
                     src="/static/media/arrow.55ce8cbb.svg?w=32&amp;q=75"
                     style="color: transparent;"
                >
                React Native
              </div>
            </li>
            <li>
              <div class="src-components-Tag-Tag-module__rootStyle--Cd2YJ"
                   data-testid="tag-component"
                   tabindex="-1"
              >
                <img alt="Icône de TypeScript"
                     loading="lazy"
                     width="12"
                     height="12"
                     decoding="async"
                     data-nimg="1"
                     class="src-components-Tag-Tag-module__icon--kRFOB"
                     srcset="/static/media/arrow.55ce8cbb.svg?w=16&amp;q=75 1x, /static/media/arrow.55ce8cbb.svg?w=32&amp;q=75 2x"
                     src="/static/media/arrow.55ce8cbb.svg?w=32&amp;q=75"
                     style="color: transparent;"
                >
                TypeScript
              </div>
            </li>
          </ul>
        </li>
      </ul>
    </li>
    <li>
      <h2 class="src-widgets-StackOverview-StackOverview-module__name--c2HKe">
        DevOps
      </h2>
      <ul class="src-widgets-StackOverview-StackOverview-module__stackCategory--zHtd8">
        <li>
          <h3 class="src-widgets-StackCategory-StackCategory-module__name--XQSqW">
            Librairie 4
          </h3>
          <ul class="src-widgets-StackCategory-StackCategory-module__tags--XFK0O">
            <li>
              <div class="src-components-Tag-Tag-module__rootStyle--Cd2YJ"
                   data-testid="tag-component"
                   tabindex="-1"
              >
                <img alt="Icône de Docker"
                     loading="lazy"
                     width="12"
                     height="12"
                     decoding="async"
                     data-nimg="1"
                     class="src-components-Tag-Tag-module__icon--kRFOB"
                     srcset="/static/media/arrow.55ce8cbb.svg?w=16&amp;q=75 1x, /static/media/arrow.55ce8cbb.svg?w=32&amp;q=75 2x"
                     src="/static/media/arrow.55ce8cbb.svg?w=32&amp;q=75"
                     style="color: transparent;"
                >
                Docker
              </div>
            </li>
            <li>
              <div class="src-components-Tag-Tag-module__rootStyle--Cd2YJ"
                   data-testid="tag-component"
                   tabindex="-1"
              >
                <img alt="Icône de Kubernetes"
                     loading="lazy"
                     width="12"
                     height="12"
                     decoding="async"
                     data-nimg="1"
                     class="src-components-Tag-Tag-module__icon--kRFOB"
                     srcset="/static/media/arrow.55ce8cbb.svg?w=16&amp;q=75 1x, /static/media/arrow.55ce8cbb.svg?w=32&amp;q=75 2x"
                     src="/static/media/arrow.55ce8cbb.svg?w=32&amp;q=75"
                     style="color: transparent;"
                >
                Kubernetes
              </div>
            </li>
          </ul>
        </li>
      </ul>
    </li>
  </ul>
</main>
`;

exports[`Widgets/StackList _5Overviews smoke-test 1`] = `
<main class="inter-normal">
  <div class="src-widgets-StackList-StackList-module__separatorContainer--NrsDC">
    <hr class="src-components-Separator-Separator-module__root--N5eOl"
        data-testid="separator-component"
        style="--separator-text: &quot;Stack&quot;;"
    >
  </div>
  <ul class="src-widgets-StackList-StackList-module__stackList--iHUsE">
    <li>
      <h2 class="src-widgets-StackOverview-StackOverview-module__name--c2HKe">
        Front-end
      </h2>
      <ul class="src-widgets-StackOverview-StackOverview-module__stackCategory--zHtd8">
        <li>
          <h3 class="src-widgets-StackCategory-StackCategory-module__name--XQSqW">
            Librairie 1
          </h3>
          <ul class="src-widgets-StackCategory-StackCategory-module__tags--XFK0O">
            <li>
              <div class="src-components-Tag-Tag-module__rootStyle--Cd2YJ"
                   data-testid="tag-component"
                   tabindex="-1"
              >
                <img alt="Icône de React"
                     loading="lazy"
                     width="12"
                     height="12"
                     decoding="async"
                     data-nimg="1"
                     class="src-components-Tag-Tag-module__icon--kRFOB"
                     srcset="/static/media/arrow.55ce8cbb.svg?w=16&amp;q=75 1x, /static/media/arrow.55ce8cbb.svg?w=32&amp;q=75 2x"
                     src="/static/media/arrow.55ce8cbb.svg?w=32&amp;q=75"
                     style="color: transparent;"
                >
                React
              </div>
            </li>
            <li>
              <div class="src-components-Tag-Tag-module__rootStyle--Cd2YJ"
                   data-testid="tag-component"
                   tabindex="-1"
              >
                <img alt="Icône de TypeScript"
                     loading="lazy"
                     width="12"
                     height="12"
                     decoding="async"
                     data-nimg="1"
                     class="src-components-Tag-Tag-module__icon--kRFOB"
                     srcset="/static/media/arrow.55ce8cbb.svg?w=16&amp;q=75 1x, /static/media/arrow.55ce8cbb.svg?w=32&amp;q=75 2x"
                     src="/static/media/arrow.55ce8cbb.svg?w=32&amp;q=75"
                     style="color: transparent;"
                >
                TypeScript
              </div>
            </li>
          </ul>
        </li>
      </ul>
    </li>
    <li>
      <h2 class="src-widgets-StackOverview-StackOverview-module__name--c2HKe">
        Back-end
      </h2>
      <ul class="src-widgets-StackOverview-StackOverview-module__stackCategory--zHtd8">
        <li>
          <h3 class="src-widgets-StackCategory-StackCategory-module__name--XQSqW">
            Librairie 2
          </h3>
          <ul class="src-widgets-StackCategory-StackCategory-module__tags--XFK0O">
            <li>
              <div class="src-components-Tag-Tag-module__rootStyle--Cd2YJ"
                   data-testid="tag-component"
                   tabindex="-1"
              >
                <img alt="Icône de Redux"
                     loading="lazy"
                     width="12"
                     height="12"
                     decoding="async"
                     data-nimg="1"
                     class="src-components-Tag-Tag-module__icon--kRFOB"
                     srcset="/static/media/arrow.55ce8cbb.svg?w=16&amp;q=75 1x, /static/media/arrow.55ce8cbb.svg?w=32&amp;q=75 2x"
                     src="/static/media/arrow.55ce8cbb.svg?w=32&amp;q=75"
                     style="color: transparent;"
                >
                Redux
              </div>
            </li>
            <li>
              <div class="src-components-Tag-Tag-module__rootStyle--Cd2YJ"
                   data-testid="tag-component"
                   tabindex="-1"
              >
                <img alt="Icône de Jest"
                     loading="lazy"
                     width="12"
                     height="12"
                     decoding="async"
                     data-nimg="1"
                     class="src-components-Tag-Tag-module__icon--kRFOB"
                     srcset="/static/media/arrow.55ce8cbb.svg?w=16&amp;q=75 1x, /static/media/arrow.55ce8cbb.svg?w=32&amp;q=75 2x"
                     src="/static/media/arrow.55ce8cbb.svg?w=32&amp;q=75"
                     style="color: transparent;"
                >
                Jest
              </div>
            </li>
            <li>
              <div class="src-components-Tag-Tag-module__rootStyle--Cd2YJ"
                   data-testid="tag-component"
                   tabindex="-1"
              >
                <img alt="Icône de Testing Library"
                     loading="lazy"
                     width="12"
                     height="12"
                     decoding="async"
                     data-nimg="1"
                     class="src-components-Tag-Tag-module__icon--kRFOB"
                     srcset="/static/media/arrow.55ce8cbb.svg?w=16&amp;q=75 1x, /static/media/arrow.55ce8cbb.svg?w=32&amp;q=75 2x"
                     src="/static/media/arrow.55ce8cbb.svg?w=32&amp;q=75"
                     style="color: transparent;"
                >
                Testing Library
              </div>
            </li>
          </ul>
        </li>
      </ul>
    </li>
    <li>
      <h2 class="src-widgets-StackOverview-StackOverview-module__name--c2HKe">
        Mobile
      </h2>
      <ul class="src-widgets-StackOverview-StackOverview-module__stackCategory--zHtd8">
        <li>
          <h3 class="src-widgets-StackCategory-StackCategory-module__name--XQSqW">
            Librairie 3
          </h3>
          <ul class="src-widgets-StackCategory-StackCategory-module__tags--XFK0O">
            <li>
              <div class="src-components-Tag-Tag-module__rootStyle--Cd2YJ"
                   data-testid="tag-component"
                   tabindex="-1"
              >
                <img alt="Icône de React Native"
                     loading="lazy"
                     width="12"
                     height="12"
                     decoding="async"
                     data-nimg="1"
                     class="src-components-Tag-Tag-module__icon--kRFOB"
                     srcset="/static/media/arrow.55ce8cbb.svg?w=16&amp;q=75 1x, /static/media/arrow.55ce8cbb.svg?w=32&amp;q=75 2x"
                     src="/static/media/arrow.55ce8cbb.svg?w=32&amp;q=75"
                     style="color: transparent;"
                >
                React Native
              </div>
            </li>
            <li>
              <div class="src-components-Tag-Tag-module__rootStyle--Cd2YJ"
                   data-testid="tag-component"
                   tabindex="-1"
              >
                <img alt="Icône de TypeScript"
                     loading="lazy"
                     width="12"
                     height="12"
                     decoding="async"
                     data-nimg="1"
                     class="src-components-Tag-Tag-module__icon--kRFOB"
                     srcset="/static/media/arrow.55ce8cbb.svg?w=16&amp;q=75 1x, /static/media/arrow.55ce8cbb.svg?w=32&amp;q=75 2x"
                     src="/static/media/arrow.55ce8cbb.svg?w=32&amp;q=75"
                     style="color: transparent;"
                >
                TypeScript
              </div>
            </li>
          </ul>
        </li>
      </ul>
    </li>
    <li>
      <h2 class="src-widgets-StackOverview-StackOverview-module__name--c2HKe">
        DevOps
      </h2>
      <ul class="src-widgets-StackOverview-StackOverview-module__stackCategory--zHtd8">
        <li>
          <h3 class="src-widgets-StackCategory-StackCategory-module__name--XQSqW">
            Librairie 4
          </h3>
          <ul class="src-widgets-StackCategory-StackCategory-module__tags--XFK0O">
            <li>
              <div class="src-components-Tag-Tag-module__rootStyle--Cd2YJ"
                   data-testid="tag-component"
                   tabindex="-1"
              >
                <img alt="Icône de Docker"
                     loading="lazy"
                     width="12"
                     height="12"
                     decoding="async"
                     data-nimg="1"
                     class="src-components-Tag-Tag-module__icon--kRFOB"
                     srcset="/static/media/arrow.55ce8cbb.svg?w=16&amp;q=75 1x, /static/media/arrow.55ce8cbb.svg?w=32&amp;q=75 2x"
                     src="/static/media/arrow.55ce8cbb.svg?w=32&amp;q=75"
                     style="color: transparent;"
                >
                Docker
              </div>
            </li>
            <li>
              <div class="src-components-Tag-Tag-module__rootStyle--Cd2YJ"
                   data-testid="tag-component"
                   tabindex="-1"
              >
                <img alt="Icône de Kubernetes"
                     loading="lazy"
                     width="12"
                     height="12"
                     decoding="async"
                     data-nimg="1"
                     class="src-components-Tag-Tag-module__icon--kRFOB"
                     srcset="/static/media/arrow.55ce8cbb.svg?w=16&amp;q=75 1x, /static/media/arrow.55ce8cbb.svg?w=32&amp;q=75 2x"
                     src="/static/media/arrow.55ce8cbb.svg?w=32&amp;q=75"
                     style="color: transparent;"
                >
                Kubernetes
              </div>
            </li>
          </ul>
        </li>
      </ul>
    </li>
    <li>
      <h2 class="src-widgets-StackOverview-StackOverview-module__name--c2HKe">
        Data
      </h2>
      <ul class="src-widgets-StackOverview-StackOverview-module__stackCategory--zHtd8">
        <li>
          <h3 class="src-widgets-StackCategory-StackCategory-module__name--XQSqW">
            Librairie 5
          </h3>
          <ul class="src-widgets-StackCategory-StackCategory-module__tags--XFK0O">
            <li>
              <div class="src-components-Tag-Tag-module__rootStyle--Cd2YJ"
                   data-testid="tag-component"
                   tabindex="-1"
              >
                <img alt="Icône de PostgreSQL"
                     loading="lazy"
                     width="12"
                     height="12"
                     decoding="async"
                     data-nimg="1"
                     class="src-components-Tag-Tag-module__icon--kRFOB"
                     srcset="/static/media/arrow.55ce8cbb.svg?w=16&amp;q=75 1x, /static/media/arrow.55ce8cbb.svg?w=32&amp;q=75 2x"
                     src="/static/media/arrow.55ce8cbb.svg?w=32&amp;q=75"
                     style="color: transparent;"
                >
                PostgreSQL
              </div>
            </li>
            <li>
              <div class="src-components-Tag-Tag-module__rootStyle--Cd2YJ"
                   data-testid="tag-component"
                   tabindex="-1"
              >
                <img alt="Icône de MongoDB"
                     loading="lazy"
                     width="12"
                     height="12"
                     decoding="async"
                     data-nimg="1"
                     class="src-components-Tag-Tag-module__icon--kRFOB"
                     srcset="/static/media/arrow.55ce8cbb.svg?w=16&amp;q=75 1x, /static/media/arrow.55ce8cbb.svg?w=32&amp;q=75 2x"
                     src="/static/media/arrow.55ce8cbb.svg?w=32&amp;q=75"
                     style="color: transparent;"
                >
                MongoDB
              </div>
            </li>
          </ul>
        </li>
      </ul>
    </li>
  </ul>
</main>
`;

exports[`Widgets/StackList Playground smoke-test 1`] = `
<main class="inter-normal">
  <div class="src-widgets-StackList-StackList-module__separatorContainer--NrsDC">
    <hr class="src-components-Separator-Separator-module__root--N5eOl"
        data-testid="separator-component"
        style="--separator-text: &quot;Stack&quot;;"
    >
  </div>
  <ul class="src-widgets-StackList-StackList-module__stackList--iHUsE">
    <li>
      <h2 class="src-widgets-StackOverview-StackOverview-module__name--c2HKe">
        Front-end
      </h2>
      <ul class="src-widgets-StackOverview-StackOverview-module__stackCategory--zHtd8">
        <li>
          <h3 class="src-widgets-StackCategory-StackCategory-module__name--XQSqW">
            Librairie 1
          </h3>
          <ul class="src-widgets-StackCategory-StackCategory-module__tags--XFK0O">
            <li>
              <div class="src-components-Tag-Tag-module__rootStyle--Cd2YJ"
                   data-testid="tag-component"
                   tabindex="-1"
              >
                <img alt="Icône de React"
                     loading="lazy"
                     width="12"
                     height="12"
                     decoding="async"
                     data-nimg="1"
                     class="src-components-Tag-Tag-module__icon--kRFOB"
                     srcset="/static/media/arrow.55ce8cbb.svg?w=16&amp;q=75 1x, /static/media/arrow.55ce8cbb.svg?w=32&amp;q=75 2x"
                     src="/static/media/arrow.55ce8cbb.svg?w=32&amp;q=75"
                     style="color: transparent;"
                >
                React
              </div>
            </li>
            <li>
              <div class="src-components-Tag-Tag-module__rootStyle--Cd2YJ"
                   data-testid="tag-component"
                   tabindex="-1"
              >
                <img alt="Icône de TypeScript"
                     loading="lazy"
                     width="12"
                     height="12"
                     decoding="async"
                     data-nimg="1"
                     class="src-components-Tag-Tag-module__icon--kRFOB"
                     srcset="/static/media/arrow.55ce8cbb.svg?w=16&amp;q=75 1x, /static/media/arrow.55ce8cbb.svg?w=32&amp;q=75 2x"
                     src="/static/media/arrow.55ce8cbb.svg?w=32&amp;q=75"
                     style="color: transparent;"
                >
                TypeScript
              </div>
            </li>
          </ul>
        </li>
        <li>
          <h3 class="src-widgets-StackCategory-StackCategory-module__name--XQSqW">
            Librairie 2
          </h3>
          <ul class="src-widgets-StackCategory-StackCategory-module__tags--XFK0O">
            <li>
              <div class="src-components-Tag-Tag-module__rootStyle--Cd2YJ"
                   data-testid="tag-component"
                   tabindex="-1"
              >
                <img alt="Icône de Redux"
                     loading="lazy"
                     width="12"
                     height="12"
                     decoding="async"
                     data-nimg="1"
                     class="src-components-Tag-Tag-module__icon--kRFOB"
                     srcset="/static/media/arrow.55ce8cbb.svg?w=16&amp;q=75 1x, /static/media/arrow.55ce8cbb.svg?w=32&amp;q=75 2x"
                     src="/static/media/arrow.55ce8cbb.svg?w=32&amp;q=75"
                     style="color: transparent;"
                >
                Redux
              </div>
            </li>
            <li>
              <div class="src-components-Tag-Tag-module__rootStyle--Cd2YJ"
                   data-testid="tag-component"
                   tabindex="-1"
              >
                <img alt="Icône de Jest"
                     loading="lazy"
                     width="12"
                     height="12"
                     decoding="async"
                     data-nimg="1"
                     class="src-components-Tag-Tag-module__icon--kRFOB"
                     srcset="/static/media/arrow.55ce8cbb.svg?w=16&amp;q=75 1x, /static/media/arrow.55ce8cbb.svg?w=32&amp;q=75 2x"
                     src="/static/media/arrow.55ce8cbb.svg?w=32&amp;q=75"
                     style="color: transparent;"
                >
                Jest
              </div>
            </li>
            <li>
              <div class="src-components-Tag-Tag-module__rootStyle--Cd2YJ"
                   data-testid="tag-component"
                   tabindex="-1"
              >
                <img alt="Icône de Testing Library"
                     loading="lazy"
                     width="12"
                     height="12"
                     decoding="async"
                     data-nimg="1"
                     class="src-components-Tag-Tag-module__icon--kRFOB"
                     srcset="/static/media/arrow.55ce8cbb.svg?w=16&amp;q=75 1x, /static/media/arrow.55ce8cbb.svg?w=32&amp;q=75 2x"
                     src="/static/media/arrow.55ce8cbb.svg?w=32&amp;q=75"
                     style="color: transparent;"
                >
                Testing Library
              </div>
            </li>
          </ul>
        </li>
      </ul>
    </li>
  </ul>
</main>
`;
